[2026-04-05T08:02:34.475+0000] {local_task_job_runner.py:120} INFO - ::group::Pre task execution logs
[2026-04-05T08:02:34.489+0000] {taskinstance.py:2076} INFO - Dependencies all met for dep_context=non-requeueable deps ti=<TaskInstance: tmdb_stage_pipeline.load_stage_movie_details manual__2026-04-05T08:02:27.270717+00:00 [queued]>
[2026-04-05T08:02:34.491+0000] {taskinstance.py:2076} INFO - Dependencies all met for dep_context=requeueable deps ti=<TaskInstance: tmdb_stage_pipeline.load_stage_movie_details manual__2026-04-05T08:02:27.270717+00:00 [queued]>
[2026-04-05T08:02:34.492+0000] {taskinstance.py:2306} INFO - Starting attempt 1 of 1
[2026-04-05T08:02:34.496+0000] {taskinstance.py:2330} INFO - Executing <Task(SQLExecuteQueryOperator): load_stage_movie_details> on 2026-04-05 08:02:27.270717+00:00
[2026-04-05T08:02:34.499+0000] {standard_task_runner.py:90} INFO - Running: ['airflow', 'tasks', 'run', 'tmdb_stage_pipeline', 'load_stage_movie_details', 'manual__2026-04-05T08:02:27.270717+00:00', '--job-id', '144', '--raw', '--subdir', 'DAGS_FOLDER/tmdb_pipeline_to_stage.py', '--cfg-path', '/tmp/tmp3gapdpt0']
[2026-04-05T08:02:34.501+0000] {standard_task_runner.py:91} INFO - Job 144: Subtask load_stage_movie_details
[2026-04-05T08:02:34.506+0000] {logging_mixin.py:188} WARNING - /home/airflow/.local/lib/python3.12/site-packages/airflow/task/task_runner/standard_task_runner.py:61 DeprecationWarning: This process (pid=52803) is multi-threaded, use of fork() may lead to deadlocks in the child.
[2026-04-05T08:02:34.507+0000] {standard_task_runner.py:63} INFO - Started process 52804 to run task
[2026-04-05T08:02:34.522+0000] {task_command.py:426} INFO - Running <TaskInstance: tmdb_stage_pipeline.load_stage_movie_details manual__2026-04-05T08:02:27.270717+00:00 [running]> on host 8742e1fd3736
[2026-04-05T08:02:34.565+0000] {taskinstance.py:2648} INFO - Exporting env vars: AIRFLOW_CTX_DAG_OWNER='airflow' AIRFLOW_CTX_DAG_ID='tmdb_stage_pipeline' AIRFLOW_CTX_TASK_ID='load_stage_movie_details' AIRFLOW_CTX_EXECUTION_DATE='2026-04-05T08:02:27.270717+00:00' AIRFLOW_CTX_TRY_NUMBER='1' AIRFLOW_CTX_DAG_RUN_ID='manual__2026-04-05T08:02:27.270717+00:00'
[2026-04-05T08:02:34.566+0000] {taskinstance.py:430} INFO - ::endgroup::
[2026-04-05T08:02:34.570+0000] {sql.py:276} INFO - Executing: 
        delete from stage.stg_tmdb_movie_details_v2
        where load_date = '2026-03-25'::date;

        insert into stage.stg_tmdb_movie_details_v2 (
            raw_id,
            load_date,
            movie_id,
            ingested_at,
            title,
            original_title,
            original_language,
            overview,
            tagline,
            movie_status,
            homepage,
            imdb_id,
            release_date,
            runtime_minutes,
            budget,
            revenue,
            popularity,
            vote_average,
            vote_count,
            is_adult,
            is_video,
            poster_path,
            backdrop_path,
            genres_json,
            production_companies_json,
            production_countries_json,
            spoken_languages_json,
            raw_payload
        )
        select
            r.id as raw_id,
            r.load_date,
            r.movie_id,
            r.ingested_at,
            r.payload ->> 'title' as title,
            r.payload ->> 'original_title' as original_title,
            r.payload ->> 'original_language' as original_language,
            r.payload ->> 'overview' as overview,
            r.payload ->> 'tagline' as tagline,
            r.payload ->> 'status' as movie_status,
            r.payload ->> 'homepage' as homepage,
            r.payload ->> 'imdb_id' as imdb_id,
            nullif(r.payload ->> 'release_date', '')::date as release_date,
            nullif(r.payload ->> 'runtime', '')::integer as runtime_minutes,
            nullif(r.payload ->> 'budget', '')::bigint as budget,
            nullif(r.payload ->> 'revenue', '')::bigint as revenue,
            nullif(r.payload ->> 'popularity', '')::numeric as popularity,
            nullif(r.payload ->> 'vote_average', '')::numeric as vote_average,
            nullif(r.payload ->> 'vote_count', '')::integer as vote_count,
            nullif(r.payload ->> 'adult', '')::boolean as is_adult,
            nullif(r.payload ->> 'video', '')::boolean as is_video,
            r.payload ->> 'poster_path' as poster_path,
            r.payload ->> 'backdrop_path' as backdrop_path,
            r.payload -> 'genres' as genres_json,
            r.payload -> 'production_companies' as production_companies_json,
            r.payload -> 'production_countries' as production_countries_json,
            r.payload -> 'spoken_languages' as spoken_languages_json,
            r.payload as raw_payload
        from raw.tmdb_movie_details r
        where r.load_date = '2026-03-25'::date;
        
[2026-04-05T08:02:34.574+0000] {base.py:84} INFO - Using connection ID 'postgres' for task execution.
[2026-04-05T08:02:34.579+0000] {base.py:84} INFO - Using connection ID 'postgres' for task execution.
[2026-04-05T08:02:34.582+0000] {sql.py:470} INFO - Running statement: 
        delete from stage.stg_tmdb_movie_details_v2
        where load_date = '2026-03-25'::date;

        insert into stage.stg_tmdb_movie_details_v2 (
            raw_id,
            load_date,
            movie_id,
            ingested_at,
            title,
            original_title,
            original_language,
            overview,
            tagline,
            movie_status,
            homepage,
            imdb_id,
            release_date,
            runtime_minutes,
            budget,
            revenue,
            popularity,
            vote_average,
            vote_count,
            is_adult,
            is_video,
            poster_path,
            backdrop_path,
            genres_json,
            production_companies_json,
            production_countries_json,
            spoken_languages_json,
            raw_payload
        )
        select
            r.id as raw_id,
            r.load_date,
            r.movie_id,
            r.ingested_at,
            r.payload ->> 'title' as title,
            r.payload ->> 'original_title' as original_title,
            r.payload ->> 'original_language' as original_language,
            r.payload ->> 'overview' as overview,
            r.payload ->> 'tagline' as tagline,
            r.payload ->> 'status' as movie_status,
            r.payload ->> 'homepage' as homepage,
            r.payload ->> 'imdb_id' as imdb_id,
            nullif(r.payload ->> 'release_date', '')::date as release_date,
            nullif(r.payload ->> 'runtime', '')::integer as runtime_minutes,
            nullif(r.payload ->> 'budget', '')::bigint as budget,
            nullif(r.payload ->> 'revenue', '')::bigint as revenue,
            nullif(r.payload ->> 'popularity', '')::numeric as popularity,
            nullif(r.payload ->> 'vote_average', '')::numeric as vote_average,
            nullif(r.payload ->> 'vote_count', '')::integer as vote_count,
            nullif(r.payload ->> 'adult', '')::boolean as is_adult,
            nullif(r.payload ->> 'video', '')::boolean as is_video,
            r.payload ->> 'poster_path' as poster_path,
            r.payload ->> 'backdrop_path' as backdrop_path,
            r.payload -> 'genres' as genres_json,
            r.payload -> 'production_companies' as production_companies_json,
            r.payload -> 'production_countries' as production_countries_json,
            r.payload -> 'spoken_languages' as spoken_languages_json,
            r.payload as raw_payload
        from raw.tmdb_movie_details r
        where r.load_date = '2026-03-25'::date;
        , parameters: None
[2026-04-05T08:02:34.602+0000] {sql.py:479} INFO - Rows affected: 40
[2026-04-05T08:02:34.602+0000] {taskinstance.py:441} INFO - ::group::Post task execution logs
[2026-04-05T08:02:34.607+0000] {taskinstance.py:1206} INFO - Marking task as SUCCESS. dag_id=tmdb_stage_pipeline, task_id=load_stage_movie_details, run_id=manual__2026-04-05T08:02:27.270717+00:00, execution_date=20260405T080227, start_date=20260405T080234, end_date=20260405T080234
[2026-04-05T08:02:34.645+0000] {local_task_job_runner.py:240} INFO - Task exited with return code 0
[2026-04-05T08:02:34.655+0000] {taskinstance.py:3498} INFO - 1 downstream tasks scheduled from follow-on schedule check
[2026-04-05T08:02:34.656+0000] {local_task_job_runner.py:222} INFO - ::endgroup::
