[2026-03-22T16:49:00.149+0000] {local_task_job_runner.py:120} INFO - ::group::Pre task execution logs
[2026-03-22T16:49:00.166+0000] {taskinstance.py:2076} INFO - Dependencies all met for dep_context=non-requeueable deps ti=<TaskInstance: tmdb_raw_pipeline.load_raw manual__2026-03-22T16:48:58.974388+00:00 [queued]>
[2026-03-22T16:49:00.174+0000] {taskinstance.py:2076} INFO - Dependencies all met for dep_context=requeueable deps ti=<TaskInstance: tmdb_raw_pipeline.load_raw manual__2026-03-22T16:48:58.974388+00:00 [queued]>
[2026-03-22T16:49:00.175+0000] {taskinstance.py:2306} INFO - Starting attempt 1 of 1
[2026-03-22T16:49:00.180+0000] {taskinstance.py:2330} INFO - Executing <Task(PythonOperator): load_raw> on 2026-03-22 16:48:58.974388+00:00
[2026-03-22T16:49:00.185+0000] {standard_task_runner.py:90} INFO - Running: ['airflow', 'tasks', 'run', 'tmdb_raw_pipeline', 'load_raw', 'manual__2026-03-22T16:48:58.974388+00:00', '--job-id', '8', '--raw', '--subdir', 'DAGS_FOLDER/tmdb_daily_dag.py', '--cfg-path', '/tmp/tmpqju8is7f']
[2026-03-22T16:49:00.187+0000] {standard_task_runner.py:91} INFO - Job 8: Subtask load_raw
[2026-03-22T16:49:00.186+0000] {logging_mixin.py:188} WARNING - /home/airflow/.local/lib/python3.12/site-packages/airflow/task/task_runner/standard_task_runner.py:61 DeprecationWarning: This process (pid=3130) is multi-threaded, use of fork() may lead to deadlocks in the child.
[2026-03-22T16:49:00.187+0000] {standard_task_runner.py:63} INFO - Started process 3131 to run task
[2026-03-22T16:49:00.224+0000] {task_command.py:426} INFO - Running <TaskInstance: tmdb_raw_pipeline.load_raw manual__2026-03-22T16:48:58.974388+00:00 [running]> on host 8742e1fd3736
[2026-03-22T16:49:00.264+0000] {taskinstance.py:2648} INFO - Exporting env vars: AIRFLOW_CTX_DAG_OWNER='airflow' AIRFLOW_CTX_DAG_ID='tmdb_raw_pipeline' AIRFLOW_CTX_TASK_ID='load_raw' AIRFLOW_CTX_EXECUTION_DATE='2026-03-22T16:48:58.974388+00:00' AIRFLOW_CTX_TRY_NUMBER='1' AIRFLOW_CTX_DAG_RUN_ID='manual__2026-03-22T16:48:58.974388+00:00'
[2026-03-22T16:49:00.264+0000] {taskinstance.py:430} INFO - ::endgroup::
[2026-03-22T16:49:31.743+0000] {logging_mixin.py:188} INFO - Дата загрузки: 2026-03-15
[2026-03-22T16:49:31.746+0000] {logging_mixin.py:188} INFO - Сохранено фильмов из discover: 40
[2026-03-22T16:49:31.747+0000] {logging_mixin.py:188} INFO - Сохранено деталей фильмов: 40
[2026-03-22T16:49:31.763+0000] {base.py:84} INFO - Using connection ID 'postgres' for task execution.
[2026-03-22T16:49:31.781+0000] {taskinstance.py:441} INFO - ::group::Post task execution logs
[2026-03-22T16:49:31.782+0000] {taskinstance.py:2905} ERROR - Task failed with exception
Traceback (most recent call last):
  File "/home/airflow/.local/lib/python3.12/site-packages/airflow/models/taskinstance.py", line 465, in _execute_task
    result = _execute_callable(context=context, **execute_callable_kwargs)
             ^^^^^^^^^^^^^^^^^^^^^^^^^^^^^^^^^^^^^^^^^^^^^^^^^^^^^^^^^^^^^
  File "/home/airflow/.local/lib/python3.12/site-packages/airflow/models/taskinstance.py", line 432, in _execute_callable
    return execute_callable(context=context, **execute_callable_kwargs)
           ^^^^^^^^^^^^^^^^^^^^^^^^^^^^^^^^^^^^^^^^^^^^^^^^^^^^^^^^^^^^
  File "/home/airflow/.local/lib/python3.12/site-packages/airflow/models/baseoperator.py", line 400, in wrapper
    return func(self, *args, **kwargs)
           ^^^^^^^^^^^^^^^^^^^^^^^^^^^
  File "/home/airflow/.local/lib/python3.12/site-packages/airflow/operators/python.py", line 235, in execute
    return_value = self.execute_callable()
                   ^^^^^^^^^^^^^^^^^^^^^^^
  File "/home/airflow/.local/lib/python3.12/site-packages/airflow/operators/python.py", line 252, in execute_callable
    return self.python_callable(*self.op_args, **self.op_kwargs)
           ^^^^^^^^^^^^^^^^^^^^^^^^^^^^^^^^^^^^^^^^^^^^^^^^^^^^^
  File "/opt/airflow/dags/tmdb_daily_dag.py", line 90, in run_for_airflow
    insert_discover_movies(conn, load_date, movies)
  File "/opt/airflow/dags/tmdb_daily_dag.py", line 35, in insert_discover_movies
    execute_values(
  File "/home/airflow/.local/lib/python3.12/site-packages/psycopg2/extras.py", line 1299, in execute_values
    cur.execute(b''.join(parts))
psycopg2.errors.UniqueViolation: duplicate key value violates unique constraint "uq_tmdb_discover_movies"
DETAIL:  Key (load_date, movie_id)=(2026-03-15, 139287) already exists.

[2026-03-22T16:49:31.792+0000] {taskinstance.py:1206} INFO - Marking task as FAILED. dag_id=tmdb_raw_pipeline, task_id=load_raw, run_id=manual__2026-03-22T16:48:58.974388+00:00, execution_date=20260322T164858, start_date=20260322T164900, end_date=20260322T164931
[2026-03-22T16:49:31.801+0000] {standard_task_runner.py:110} ERROR - Failed to execute job 8 for task load_raw (duplicate key value violates unique constraint "uq_tmdb_discover_movies"
DETAIL:  Key (load_date, movie_id)=(2026-03-15, 139287) already exists.
; 3131)
[2026-03-22T16:49:31.835+0000] {local_task_job_runner.py:240} INFO - Task exited with return code 1
[2026-03-22T16:49:31.849+0000] {taskinstance.py:3498} INFO - 0 downstream tasks scheduled from follow-on schedule check
[2026-03-22T16:49:31.851+0000] {local_task_job_runner.py:222} INFO - ::endgroup::
