[2026-03-22T10:33:53.820+0000] {local_task_job_runner.py:120} INFO - ::group::Pre task execution logs
[2026-03-22T10:33:53.871+0000] {taskinstance.py:2076} INFO - Dependencies all met for dep_context=non-requeueable deps ti=<TaskInstance: tmdb_daily_movies_sequential.fetch_tmdb_data manual__2026-03-22T10:33:53.342742+00:00 [queued]>
[2026-03-22T10:33:53.875+0000] {taskinstance.py:2076} INFO - Dependencies all met for dep_context=requeueable deps ti=<TaskInstance: tmdb_daily_movies_sequential.fetch_tmdb_data manual__2026-03-22T10:33:53.342742+00:00 [queued]>
[2026-03-22T10:33:53.876+0000] {taskinstance.py:2306} INFO - Starting attempt 1 of 3
[2026-03-22T10:33:53.884+0000] {taskinstance.py:2330} INFO - Executing <Task(PythonOperator): fetch_tmdb_data> on 2026-03-22 10:33:53.342742+00:00
[2026-03-22T10:33:53.892+0000] {logging_mixin.py:188} WARNING - /home/airflow/.local/lib/python3.12/site-packages/airflow/task/task_runner/standard_task_runner.py:61 DeprecationWarning: This process (pid=2431) is multi-threaded, use of fork() may lead to deadlocks in the child.
[2026-03-22T10:33:53.890+0000] {standard_task_runner.py:90} INFO - Running: ['airflow', 'tasks', 'run', 'tmdb_daily_movies_sequential', 'fetch_tmdb_data', 'manual__2026-03-22T10:33:53.342742+00:00', '--job-id', '5', '--raw', '--subdir', 'DAGS_FOLDER/tmdb_daily_dag.py', '--cfg-path', '/tmp/tmpaq1_jl28']
[2026-03-22T10:33:53.893+0000] {standard_task_runner.py:91} INFO - Job 5: Subtask fetch_tmdb_data
[2026-03-22T10:33:53.893+0000] {standard_task_runner.py:63} INFO - Started process 2432 to run task
[2026-03-22T10:33:53.935+0000] {task_command.py:426} INFO - Running <TaskInstance: tmdb_daily_movies_sequential.fetch_tmdb_data manual__2026-03-22T10:33:53.342742+00:00 [running]> on host cc3dd8a29f45
[2026-03-22T10:33:53.983+0000] {taskinstance.py:2648} INFO - Exporting env vars: AIRFLOW_CTX_DAG_OWNER='airflow' AIRFLOW_CTX_DAG_ID='tmdb_daily_movies_sequential' AIRFLOW_CTX_TASK_ID='fetch_tmdb_data' AIRFLOW_CTX_EXECUTION_DATE='2026-03-22T10:33:53.342742+00:00' AIRFLOW_CTX_TRY_NUMBER='1' AIRFLOW_CTX_DAG_RUN_ID='manual__2026-03-22T10:33:53.342742+00:00'
[2026-03-22T10:33:53.983+0000] {taskinstance.py:430} INFO - ::endgroup::
[2026-03-22T10:34:23.325+0000] {logging_mixin.py:188} INFO - Дата загрузки: 2026-03-15
[2026-03-22T10:34:23.332+0000] {logging_mixin.py:188} INFO - Сохранено фильмов из discover: 40
[2026-03-22T10:34:23.333+0000] {logging_mixin.py:188} INFO - Сохранено деталей фильмов: 40
[2026-03-22T10:34:23.380+0000] {base.py:84} INFO - Using connection ID 'postgres' for task execution.
[2026-03-22T10:34:23.414+0000] {crypto.py:82} WARNING - empty cryptography key - values will not be stored encrypted.
[2026-03-22T10:34:23.417+0000] {logging_mixin.py:188} INFO - Загружена дата: 2026-03-15
[2026-03-22T10:34:23.417+0000] {logging_mixin.py:188} INFO - Записано discover: 40
[2026-03-22T10:34:23.418+0000] {logging_mixin.py:188} INFO - Записано details: 40
[2026-03-22T10:34:23.418+0000] {logging_mixin.py:188} INFO - Следующая дата загрузки: 2026-03-16
[2026-03-22T10:34:23.418+0000] {python.py:237} INFO - Done. Returned value was: None
[2026-03-22T10:34:23.419+0000] {taskinstance.py:441} INFO - ::group::Post task execution logs
[2026-03-22T10:34:23.432+0000] {taskinstance.py:1206} INFO - Marking task as SUCCESS. dag_id=tmdb_daily_movies_sequential, task_id=fetch_tmdb_data, run_id=manual__2026-03-22T10:33:53.342742+00:00, execution_date=20260322T103353, start_date=20260322T103353, end_date=20260322T103423
[2026-03-22T10:34:23.480+0000] {local_task_job_runner.py:240} INFO - Task exited with return code 0
[2026-03-22T10:34:23.503+0000] {taskinstance.py:3498} INFO - 0 downstream tasks scheduled from follow-on schedule check
[2026-03-22T10:34:23.504+0000] {local_task_job_runner.py:222} INFO - ::endgroup::
