[2026-03-30T08:12:01.909+0000] {local_task_job_runner.py:120} INFO - ::group::Pre task execution logs
[2026-03-30T08:12:01.928+0000] {taskinstance.py:2076} INFO - Dependencies all met for dep_context=non-requeueable deps ti=<TaskInstance: tmdb_raw_pipeline.load_raw scheduled__2026-03-30T08:05:00+00:00 [queued]>
[2026-03-30T08:12:01.931+0000] {taskinstance.py:2076} INFO - Dependencies all met for dep_context=requeueable deps ti=<TaskInstance: tmdb_raw_pipeline.load_raw scheduled__2026-03-30T08:05:00+00:00 [queued]>
[2026-03-30T08:12:01.931+0000] {taskinstance.py:2306} INFO - Starting attempt 1 of 6
[2026-03-30T08:12:01.936+0000] {taskinstance.py:2330} INFO - Executing <Task(PythonOperator): load_raw> on 2026-03-30 08:05:00+00:00
[2026-03-30T08:12:01.943+0000] {standard_task_runner.py:90} INFO - Running: ['airflow', 'tasks', 'run', 'tmdb_raw_pipeline', 'load_raw', 'scheduled__2026-03-30T08:05:00+00:00', '--job-id', '100', '--raw', '--subdir', 'DAGS_FOLDER/tmdb_daily_dag.py', '--cfg-path', '/tmp/tmp47nw0bl_']
[2026-03-30T08:12:01.948+0000] {standard_task_runner.py:91} INFO - Job 100: Subtask load_raw
[2026-03-30T08:12:01.950+0000] {logging_mixin.py:188} WARNING - /home/airflow/.local/lib/python3.12/site-packages/airflow/task/task_runner/standard_task_runner.py:61 DeprecationWarning: This process (pid=87731) is multi-threaded, use of fork() may lead to deadlocks in the child.
[2026-03-30T08:12:01.951+0000] {standard_task_runner.py:63} INFO - Started process 87732 to run task
[2026-03-30T08:12:01.973+0000] {task_command.py:426} INFO - Running <TaskInstance: tmdb_raw_pipeline.load_raw scheduled__2026-03-30T08:05:00+00:00 [running]> on host 8742e1fd3736
[2026-03-30T08:12:02.013+0000] {taskinstance.py:2648} INFO - Exporting env vars: AIRFLOW_CTX_DAG_OWNER='airflow' AIRFLOW_CTX_DAG_ID='tmdb_raw_pipeline' AIRFLOW_CTX_TASK_ID='load_raw' AIRFLOW_CTX_EXECUTION_DATE='2026-03-30T08:05:00+00:00' AIRFLOW_CTX_TRY_NUMBER='1' AIRFLOW_CTX_DAG_RUN_ID='scheduled__2026-03-30T08:05:00+00:00'
[2026-03-30T08:12:02.014+0000] {taskinstance.py:430} INFO - ::endgroup::
[2026-03-30T08:12:16.084+0000] {logging_mixin.py:188} INFO - Дата загрузки: 2026-03-20
[2026-03-30T08:12:16.088+0000] {logging_mixin.py:188} INFO - Сохранено фильмов из discover: 40
[2026-03-30T08:12:16.089+0000] {logging_mixin.py:188} INFO - Сохранено деталей фильмов: 40
[2026-03-30T08:12:16.090+0000] {logging_mixin.py:188} INFO - Дата загрузки: 2026-03-20
[2026-03-30T08:12:16.091+0000] {logging_mixin.py:188} INFO - Discover после dedup: 40
[2026-03-30T08:12:16.091+0000] {logging_mixin.py:188} INFO - Details после dedup: 40
[2026-03-30T08:12:16.138+0000] {base.py:84} INFO - Using connection ID 'postgres' for task execution.
[2026-03-30T08:12:16.176+0000] {crypto.py:82} WARNING - empty cryptography key - values will not be stored encrypted.
[2026-03-30T08:12:16.189+0000] {logging_mixin.py:188} INFO - Загружена дата: 2026-03-20
[2026-03-30T08:12:16.190+0000] {logging_mixin.py:188} INFO - Следующая дата загрузки: 2026-03-21
[2026-03-30T08:12:16.190+0000] {python.py:237} INFO - Done. Returned value was: None
[2026-03-30T08:12:16.191+0000] {taskinstance.py:441} INFO - ::group::Post task execution logs
[2026-03-30T08:12:16.206+0000] {taskinstance.py:1206} INFO - Marking task as SUCCESS. dag_id=tmdb_raw_pipeline, task_id=load_raw, run_id=scheduled__2026-03-30T08:05:00+00:00, execution_date=20260330T080500, start_date=20260330T081201, end_date=20260330T081216
[2026-03-30T08:12:16.227+0000] {local_task_job_runner.py:240} INFO - Task exited with return code 0
[2026-03-30T08:12:16.247+0000] {taskinstance.py:3498} INFO - 1 downstream tasks scheduled from follow-on schedule check
[2026-03-30T08:12:16.248+0000] {local_task_job_runner.py:222} INFO - ::endgroup::
