[2026-03-30T08:12:23.138+0000] {local_task_job_runner.py:120} INFO - ::group::Pre task execution logs
[2026-03-30T08:12:23.154+0000] {taskinstance.py:2076} INFO - Dependencies all met for dep_context=non-requeueable deps ti=<TaskInstance: tmdb_mart_pipeline.load_mart_movies manual__2026-03-30T08:12:20.982193+00:00 [queued]>
[2026-03-30T08:12:23.157+0000] {taskinstance.py:2076} INFO - Dependencies all met for dep_context=requeueable deps ti=<TaskInstance: tmdb_mart_pipeline.load_mart_movies manual__2026-03-30T08:12:20.982193+00:00 [queued]>
[2026-03-30T08:12:23.157+0000] {taskinstance.py:2306} INFO - Starting attempt 1 of 1
[2026-03-30T08:12:23.162+0000] {taskinstance.py:2330} INFO - Executing <Task(SQLExecuteQueryOperator): load_mart_movies> on 2026-03-30 08:12:20.982193+00:00
[2026-03-30T08:12:23.166+0000] {standard_task_runner.py:90} INFO - Running: ['airflow', 'tasks', 'run', 'tmdb_mart_pipeline', 'load_mart_movies', 'manual__2026-03-30T08:12:20.982193+00:00', '--job-id', '106', '--raw', '--subdir', 'DAGS_FOLDER/tmdb_pipeline_to_mart.py', '--cfg-path', '/tmp/tmpbfn3oxn0']
[2026-03-30T08:12:23.169+0000] {standard_task_runner.py:91} INFO - Job 106: Subtask load_mart_movies
[2026-03-30T08:12:23.171+0000] {logging_mixin.py:188} WARNING - /home/airflow/.local/lib/python3.12/site-packages/airflow/task/task_runner/standard_task_runner.py:61 DeprecationWarning: This process (pid=87765) is multi-threaded, use of fork() may lead to deadlocks in the child.
[2026-03-30T08:12:23.171+0000] {standard_task_runner.py:63} INFO - Started process 87766 to run task
[2026-03-30T08:12:23.191+0000] {task_command.py:426} INFO - Running <TaskInstance: tmdb_mart_pipeline.load_mart_movies manual__2026-03-30T08:12:20.982193+00:00 [running]> on host 8742e1fd3736
[2026-03-30T08:12:23.233+0000] {taskinstance.py:2648} INFO - Exporting env vars: AIRFLOW_CTX_DAG_OWNER='airflow' AIRFLOW_CTX_DAG_ID='tmdb_mart_pipeline' AIRFLOW_CTX_TASK_ID='load_mart_movies' AIRFLOW_CTX_EXECUTION_DATE='2026-03-30T08:12:20.982193+00:00' AIRFLOW_CTX_TRY_NUMBER='1' AIRFLOW_CTX_DAG_RUN_ID='manual__2026-03-30T08:12:20.982193+00:00'
[2026-03-30T08:12:23.233+0000] {taskinstance.py:430} INFO - ::endgroup::
[2026-03-30T08:12:23.238+0000] {sql.py:276} INFO - Executing: 
        delete from datamarts.mart_movies
        where load_date = '2026-03-20'::date;

        insert into datamarts.mart_movies (
            load_date,
            movie_id,
            title,
            original_language,
            release_date,
            runtime_minutes,
            budget,
            revenue,
            popularity,
            vote_average,
            vote_count
        )
        select
            s.load_date,
            s.movie_id,
            s.title,
            s.original_language,
            s.release_date,
            s.runtime_minutes,
            s.budget,
            s.revenue,
            s.popularity,
            s.vote_average,
            s.vote_count
        from stage.stg_tmdb_movie_details_v2 s
        where s.load_date = '2026-03-20'::date;
        
[2026-03-30T08:12:23.242+0000] {base.py:84} INFO - Using connection ID 'postgres' for task execution.
[2026-03-30T08:12:23.247+0000] {base.py:84} INFO - Using connection ID 'postgres' for task execution.
[2026-03-30T08:12:23.249+0000] {sql.py:470} INFO - Running statement: 
        delete from datamarts.mart_movies
        where load_date = '2026-03-20'::date;

        insert into datamarts.mart_movies (
            load_date,
            movie_id,
            title,
            original_language,
            release_date,
            runtime_minutes,
            budget,
            revenue,
            popularity,
            vote_average,
            vote_count
        )
        select
            s.load_date,
            s.movie_id,
            s.title,
            s.original_language,
            s.release_date,
            s.runtime_minutes,
            s.budget,
            s.revenue,
            s.popularity,
            s.vote_average,
            s.vote_count
        from stage.stg_tmdb_movie_details_v2 s
        where s.load_date = '2026-03-20'::date;
        , parameters: None
[2026-03-30T08:12:23.250+0000] {sql.py:479} INFO - Rows affected: 40
[2026-03-30T08:12:23.251+0000] {taskinstance.py:441} INFO - ::group::Post task execution logs
[2026-03-30T08:12:23.255+0000] {taskinstance.py:1206} INFO - Marking task as SUCCESS. dag_id=tmdb_mart_pipeline, task_id=load_mart_movies, run_id=manual__2026-03-30T08:12:20.982193+00:00, execution_date=20260330T081220, start_date=20260330T081223, end_date=20260330T081223
[2026-03-30T08:12:23.271+0000] {local_task_job_runner.py:240} INFO - Task exited with return code 0
[2026-03-30T08:12:23.278+0000] {taskinstance.py:3498} INFO - 0 downstream tasks scheduled from follow-on schedule check
[2026-03-30T08:12:23.279+0000] {local_task_job_runner.py:222} INFO - ::endgroup::
