[2026-04-01T08:02:02.075+0000] {local_task_job_runner.py:120} INFO - ::group::Pre task execution logs
[2026-04-01T08:02:02.109+0000] {taskinstance.py:2076} INFO - Dependencies all met for dep_context=non-requeueable deps ti=<TaskInstance: tmdb_raw_pipeline.load_raw scheduled__2026-03-31T08:00:00+00:00 [queued]>
[2026-04-01T08:02:02.113+0000] {taskinstance.py:2076} INFO - Dependencies all met for dep_context=requeueable deps ti=<TaskInstance: tmdb_raw_pipeline.load_raw scheduled__2026-03-31T08:00:00+00:00 [queued]>
[2026-04-01T08:02:02.113+0000] {taskinstance.py:2306} INFO - Starting attempt 1 of 6
[2026-04-01T08:02:02.119+0000] {taskinstance.py:2330} INFO - Executing <Task(PythonOperator): load_raw> on 2026-03-31 08:00:00+00:00
[2026-04-01T08:02:02.125+0000] {standard_task_runner.py:90} INFO - Running: ['airflow', 'tasks', 'run', 'tmdb_raw_pipeline', 'load_raw', 'scheduled__2026-03-31T08:00:00+00:00', '--job-id', '108', '--raw', '--subdir', 'DAGS_FOLDER/tmdb_daily_dag.py', '--cfg-path', '/tmp/tmp7vzkeigv']
[2026-04-01T08:02:02.130+0000] {standard_task_runner.py:91} INFO - Job 108: Subtask load_raw
[2026-04-01T08:02:02.136+0000] {logging_mixin.py:188} WARNING - /home/airflow/.local/lib/python3.12/site-packages/airflow/task/task_runner/standard_task_runner.py:61 DeprecationWarning: This process (pid=54360) is multi-threaded, use of fork() may lead to deadlocks in the child.
[2026-04-01T08:02:02.136+0000] {standard_task_runner.py:63} INFO - Started process 54361 to run task
[2026-04-01T08:02:02.162+0000] {task_command.py:426} INFO - Running <TaskInstance: tmdb_raw_pipeline.load_raw scheduled__2026-03-31T08:00:00+00:00 [running]> on host 8742e1fd3736
[2026-04-01T08:02:02.205+0000] {taskinstance.py:2648} INFO - Exporting env vars: AIRFLOW_CTX_DAG_OWNER='airflow' AIRFLOW_CTX_DAG_ID='tmdb_raw_pipeline' AIRFLOW_CTX_TASK_ID='load_raw' AIRFLOW_CTX_EXECUTION_DATE='2026-03-31T08:00:00+00:00' AIRFLOW_CTX_TRY_NUMBER='1' AIRFLOW_CTX_DAG_RUN_ID='scheduled__2026-03-31T08:00:00+00:00'
[2026-04-01T08:02:02.205+0000] {taskinstance.py:430} INFO - ::endgroup::
[2026-04-01T08:02:18.854+0000] {logging_mixin.py:188} INFO - Дата загрузки: 2026-03-21
[2026-04-01T08:02:18.858+0000] {logging_mixin.py:188} INFO - Сохранено фильмов из discover: 40
[2026-04-01T08:02:18.859+0000] {logging_mixin.py:188} INFO - Сохранено деталей фильмов: 40
[2026-04-01T08:02:18.859+0000] {logging_mixin.py:188} INFO - Дата загрузки: 2026-03-21
[2026-04-01T08:02:18.860+0000] {logging_mixin.py:188} INFO - Discover после dedup: 40
[2026-04-01T08:02:18.861+0000] {logging_mixin.py:188} INFO - Details после dedup: 40
[2026-04-01T08:02:18.891+0000] {base.py:84} INFO - Using connection ID 'postgres' for task execution.
[2026-04-01T08:02:18.966+0000] {crypto.py:82} WARNING - empty cryptography key - values will not be stored encrypted.
[2026-04-01T08:02:18.982+0000] {logging_mixin.py:188} INFO - Загружена дата: 2026-03-21
[2026-04-01T08:02:18.982+0000] {logging_mixin.py:188} INFO - Следующая дата загрузки: 2026-03-22
[2026-04-01T08:02:18.982+0000] {python.py:237} INFO - Done. Returned value was: None
[2026-04-01T08:02:18.982+0000] {taskinstance.py:441} INFO - ::group::Post task execution logs
[2026-04-01T08:02:18.988+0000] {taskinstance.py:1206} INFO - Marking task as SUCCESS. dag_id=tmdb_raw_pipeline, task_id=load_raw, run_id=scheduled__2026-03-31T08:00:00+00:00, execution_date=20260331T080000, start_date=20260401T080202, end_date=20260401T080218
[2026-04-01T08:02:19.010+0000] {local_task_job_runner.py:240} INFO - Task exited with return code 0
[2026-04-01T08:02:19.026+0000] {taskinstance.py:3498} INFO - 1 downstream tasks scheduled from follow-on schedule check
[2026-04-01T08:02:19.027+0000] {local_task_job_runner.py:222} INFO - ::endgroup::
