[2026-03-22T17:20:43.784+0000] {local_task_job_runner.py:120} INFO - ::group::Pre task execution logs
[2026-03-22T17:20:43.813+0000] {taskinstance.py:2076} INFO - Dependencies all met for dep_context=non-requeueable deps ti=<TaskInstance: tmdb_stage_pipeline.dbt_run_stage manual__2026-03-22T17:20:43.124488+00:00 [queued]>
[2026-03-22T17:20:43.817+0000] {taskinstance.py:2076} INFO - Dependencies all met for dep_context=requeueable deps ti=<TaskInstance: tmdb_stage_pipeline.dbt_run_stage manual__2026-03-22T17:20:43.124488+00:00 [queued]>
[2026-03-22T17:20:43.817+0000] {taskinstance.py:2306} INFO - Starting attempt 1 of 1
[2026-03-22T17:20:43.823+0000] {taskinstance.py:2330} INFO - Executing <Task(BashOperator): dbt_run_stage> on 2026-03-22 17:20:43.124488+00:00
[2026-03-22T17:20:43.828+0000] {standard_task_runner.py:90} INFO - Running: ['airflow', 'tasks', 'run', 'tmdb_stage_pipeline', 'dbt_run_stage', 'manual__2026-03-22T17:20:43.124488+00:00', '--job-id', '12', '--raw', '--subdir', 'DAGS_FOLDER/tmdb_pipeline_to_stage.py', '--cfg-path', '/tmp/tmpj3tuqx1_']
[2026-03-22T17:20:43.831+0000] {standard_task_runner.py:91} INFO - Job 12: Subtask dbt_run_stage
[2026-03-22T17:20:43.830+0000] {logging_mixin.py:188} WARNING - /home/airflow/.local/lib/python3.12/site-packages/airflow/task/task_runner/standard_task_runner.py:61 DeprecationWarning: This process (pid=4392) is multi-threaded, use of fork() may lead to deadlocks in the child.
[2026-03-22T17:20:43.832+0000] {standard_task_runner.py:63} INFO - Started process 4393 to run task
[2026-03-22T17:20:43.858+0000] {task_command.py:426} INFO - Running <TaskInstance: tmdb_stage_pipeline.dbt_run_stage manual__2026-03-22T17:20:43.124488+00:00 [running]> on host 8742e1fd3736
[2026-03-22T17:20:43.883+0000] {abstractoperator.py:725} ERROR - Exception rendering Jinja template for task 'dbt_run_stage', field 'bash_command'. Template: '\n        cd /opt/airflow/dbt/tmdb_dbt &&\n        /home/airflow/.local/bin/dbt run --select path:models/stage --vars \'{"load_date": "{{ dag_run.conf["load_date"] }}"}\'\n        '
Traceback (most recent call last):
  File "/home/airflow/.local/lib/python3.12/site-packages/airflow/models/abstractoperator.py", line 717, in _do_render_template_fields
    rendered_content = self.render_template(
                       ^^^^^^^^^^^^^^^^^^^^^
  File "/home/airflow/.local/lib/python3.12/site-packages/airflow/template/templater.py", line 169, in render_template
    return self._render(template, context)
           ^^^^^^^^^^^^^^^^^^^^^^^^^^^^^^^
  File "/home/airflow/.local/lib/python3.12/site-packages/airflow/models/abstractoperator.py", line 675, in _render
    return super()._render(template, context, dag=dag)
           ^^^^^^^^^^^^^^^^^^^^^^^^^^^^^^^^^^^^^^^^^^^
  File "/home/airflow/.local/lib/python3.12/site-packages/airflow/template/templater.py", line 126, in _render
    return render_template_to_string(template, context)
           ^^^^^^^^^^^^^^^^^^^^^^^^^^^^^^^^^^^^^^^^^^^^
  File "/home/airflow/.local/lib/python3.12/site-packages/airflow/utils/helpers.py", line 289, in render_template_to_string
    return render_template(template, cast(MutableMapping[str, Any], context), native=False)
           ^^^^^^^^^^^^^^^^^^^^^^^^^^^^^^^^^^^^^^^^^^^^^^^^^^^^^^^^^^^^^^^^^^^^^^^^^^^^^^^^
  File "/home/airflow/.local/lib/python3.12/site-packages/airflow/utils/helpers.py", line 284, in render_template
    return "".join(nodes)
           ^^^^^^^^^^^^^^
  File "<template>", line 13, in root
  File "/home/airflow/.local/lib/python3.12/site-packages/jinja2/runtime.py", line 852, in _fail_with_undefined_error
    raise self._undefined_exception(self._undefined_message)
jinja2.exceptions.UndefinedError: 'dict object' has no attribute 'load_date'
[2026-03-22T17:20:43.889+0000] {taskinstance.py:2905} ERROR - Task failed with exception
Traceback (most recent call last):
  File "/home/airflow/.local/lib/python3.12/site-packages/airflow/models/taskinstance.py", line 2479, in _run_raw_task
    self._execute_task_with_callbacks(context, test_mode, session=session)
  File "/home/airflow/.local/lib/python3.12/site-packages/airflow/models/taskinstance.py", line 2633, in _execute_task_with_callbacks
    task_orig = self.render_templates(context=context, jinja_env=jinja_env)
                ^^^^^^^^^^^^^^^^^^^^^^^^^^^^^^^^^^^^^^^^^^^^^^^^^^^^^^^^^^^
  File "/home/airflow/.local/lib/python3.12/site-packages/airflow/models/taskinstance.py", line 3094, in render_templates
    original_task.render_template_fields(context, jinja_env)
  File "/home/airflow/.local/lib/python3.12/site-packages/airflow/models/baseoperator.py", line 1336, in render_template_fields
    self._do_render_template_fields(self, self.template_fields, context, jinja_env, set())
  File "/home/airflow/.local/lib/python3.12/site-packages/airflow/models/abstractoperator.py", line 717, in _do_render_template_fields
    rendered_content = self.render_template(
                       ^^^^^^^^^^^^^^^^^^^^^
  File "/home/airflow/.local/lib/python3.12/site-packages/airflow/template/templater.py", line 169, in render_template
    return self._render(template, context)
           ^^^^^^^^^^^^^^^^^^^^^^^^^^^^^^^
  File "/home/airflow/.local/lib/python3.12/site-packages/airflow/models/abstractoperator.py", line 675, in _render
    return super()._render(template, context, dag=dag)
           ^^^^^^^^^^^^^^^^^^^^^^^^^^^^^^^^^^^^^^^^^^^
  File "/home/airflow/.local/lib/python3.12/site-packages/airflow/template/templater.py", line 126, in _render
    return render_template_to_string(template, context)
           ^^^^^^^^^^^^^^^^^^^^^^^^^^^^^^^^^^^^^^^^^^^^
  File "/home/airflow/.local/lib/python3.12/site-packages/airflow/utils/helpers.py", line 289, in render_template_to_string
    return render_template(template, cast(MutableMapping[str, Any], context), native=False)
           ^^^^^^^^^^^^^^^^^^^^^^^^^^^^^^^^^^^^^^^^^^^^^^^^^^^^^^^^^^^^^^^^^^^^^^^^^^^^^^^^
  File "/home/airflow/.local/lib/python3.12/site-packages/airflow/utils/helpers.py", line 284, in render_template
    return "".join(nodes)
           ^^^^^^^^^^^^^^
  File "<template>", line 13, in root
  File "/home/airflow/.local/lib/python3.12/site-packages/jinja2/runtime.py", line 852, in _fail_with_undefined_error
    raise self._undefined_exception(self._undefined_message)
jinja2.exceptions.UndefinedError: 'dict object' has no attribute 'load_date'
[2026-03-22T17:20:43.896+0000] {taskinstance.py:1206} INFO - Marking task as FAILED. dag_id=tmdb_stage_pipeline, task_id=dbt_run_stage, run_id=manual__2026-03-22T17:20:43.124488+00:00, execution_date=20260322T172043, start_date=20260322T172043, end_date=20260322T172043
[2026-03-22T17:20:43.901+0000] {standard_task_runner.py:110} ERROR - Failed to execute job 12 for task dbt_run_stage ('dict object' has no attribute 'load_date'; 4393)
[2026-03-22T17:20:43.939+0000] {local_task_job_runner.py:240} INFO - Task exited with return code 1
[2026-03-22T17:20:43.950+0000] {taskinstance.py:3498} INFO - 0 downstream tasks scheduled from follow-on schedule check
[2026-03-22T17:20:43.952+0000] {local_task_job_runner.py:222} INFO - ::endgroup::
