[2026-03-30T00:02:02.398+0000] {local_task_job_runner.py:120} INFO - ::group::Pre task execution logs
[2026-03-30T00:02:02.419+0000] {taskinstance.py:2076} INFO - Dependencies all met for dep_context=non-requeueable deps ti=<TaskInstance: tmdb_raw_pipeline.load_raw scheduled__2026-03-29T00:00:00+00:00 [queued]>
[2026-03-30T00:02:02.424+0000] {taskinstance.py:2076} INFO - Dependencies all met for dep_context=requeueable deps ti=<TaskInstance: tmdb_raw_pipeline.load_raw scheduled__2026-03-29T00:00:00+00:00 [queued]>
[2026-03-30T00:02:02.424+0000] {taskinstance.py:2306} INFO - Starting attempt 1 of 6
[2026-03-30T00:02:02.429+0000] {taskinstance.py:2330} INFO - Executing <Task(PythonOperator): load_raw> on 2026-03-29 00:00:00+00:00
[2026-03-30T00:02:02.434+0000] {standard_task_runner.py:90} INFO - Running: ['airflow', 'tasks', 'run', 'tmdb_raw_pipeline', 'load_raw', 'scheduled__2026-03-29T00:00:00+00:00', '--job-id', '85', '--raw', '--subdir', 'DAGS_FOLDER/tmdb_daily_dag.py', '--cfg-path', '/tmp/tmpyor3juw_']
[2026-03-30T00:02:02.439+0000] {standard_task_runner.py:91} INFO - Job 85: Subtask load_raw
[2026-03-30T00:02:02.441+0000] {logging_mixin.py:188} WARNING - /home/airflow/.local/lib/python3.12/site-packages/airflow/task/task_runner/standard_task_runner.py:61 DeprecationWarning: This process (pid=71174) is multi-threaded, use of fork() may lead to deadlocks in the child.
[2026-03-30T00:02:02.443+0000] {standard_task_runner.py:63} INFO - Started process 71175 to run task
[2026-03-30T00:02:02.474+0000] {task_command.py:426} INFO - Running <TaskInstance: tmdb_raw_pipeline.load_raw scheduled__2026-03-29T00:00:00+00:00 [running]> on host 8742e1fd3736
[2026-03-30T00:02:02.519+0000] {taskinstance.py:2648} INFO - Exporting env vars: AIRFLOW_CTX_DAG_OWNER='airflow' AIRFLOW_CTX_DAG_ID='tmdb_raw_pipeline' AIRFLOW_CTX_TASK_ID='load_raw' AIRFLOW_CTX_EXECUTION_DATE='2026-03-29T00:00:00+00:00' AIRFLOW_CTX_TRY_NUMBER='1' AIRFLOW_CTX_DAG_RUN_ID='scheduled__2026-03-29T00:00:00+00:00'
[2026-03-30T00:02:02.519+0000] {taskinstance.py:430} INFO - ::endgroup::
[2026-03-30T00:02:06.574+0000] {connectionpool.py:874} WARNING - Retrying (Retry(total=4, connect=4, read=5, redirect=None, status=None)) after connection broken by 'NameResolutionError("<urllib3.connection.HTTPSConnection object at 0xffff81508a70>: Failed to resolve 'api.themoviedb.org' ([Errno -5] No address associated with hostname)")': /3/discover/movie?api_key=***&release_date.gte=2026-03-19&release_date.lte=2026-03-19&page=1
[2026-03-30T00:02:12.592+0000] {connectionpool.py:874} WARNING - Retrying (Retry(total=3, connect=3, read=5, redirect=None, status=None)) after connection broken by 'NameResolutionError("<urllib3.connection.HTTPSConnection object at 0xffff8159aed0>: Failed to resolve 'api.themoviedb.org' ([Errno -5] No address associated with hostname)")': /3/discover/movie?api_key=***&release_date.gte=2026-03-19&release_date.lte=2026-03-19&page=1
[2026-03-30T00:02:20.606+0000] {connectionpool.py:874} WARNING - Retrying (Retry(total=2, connect=2, read=5, redirect=None, status=None)) after connection broken by 'NameResolutionError("<urllib3.connection.HTTPSConnection object at 0xffff8159af00>: Failed to resolve 'api.themoviedb.org' ([Errno -5] No address associated with hostname)")': /3/discover/movie?api_key=***&release_date.gte=2026-03-19&release_date.lte=2026-03-19&page=1
[2026-03-30T00:02:32.624+0000] {connectionpool.py:874} WARNING - Retrying (Retry(total=1, connect=1, read=5, redirect=None, status=None)) after connection broken by 'NameResolutionError("<urllib3.connection.HTTPSConnection object at 0xffff8159b710>: Failed to resolve 'api.themoviedb.org' ([Errno -5] No address associated with hostname)")': /3/discover/movie?api_key=***&release_date.gte=2026-03-19&release_date.lte=2026-03-19&page=1
[2026-03-30T00:02:52.646+0000] {connectionpool.py:874} WARNING - Retrying (Retry(total=0, connect=0, read=5, redirect=None, status=None)) after connection broken by 'NameResolutionError("<urllib3.connection.HTTPSConnection object at 0xffff8159b800>: Failed to resolve 'api.themoviedb.org' ([Errno -5] No address associated with hostname)")': /3/discover/movie?api_key=***&release_date.gte=2026-03-19&release_date.lte=2026-03-19&page=1
[2026-03-30T00:02:56.665+0000] {taskinstance.py:441} INFO - ::group::Post task execution logs
[2026-03-30T00:02:56.669+0000] {taskinstance.py:2905} ERROR - Task failed with exception
Traceback (most recent call last):
  File "/home/airflow/.local/lib/python3.12/site-packages/urllib3/connection.py", line 198, in _new_conn
    sock = connection.create_connection(
           ^^^^^^^^^^^^^^^^^^^^^^^^^^^^^
  File "/home/airflow/.local/lib/python3.12/site-packages/urllib3/util/connection.py", line 60, in create_connection
    for res in socket.getaddrinfo(host, port, family, socket.SOCK_STREAM):
               ^^^^^^^^^^^^^^^^^^^^^^^^^^^^^^^^^^^^^^^^^^^^^^^^^^^^^^^^^^
  File "/usr/local/lib/python3.12/socket.py", line 963, in getaddrinfo
    for res in _socket.getaddrinfo(host, port, family, type, proto, flags):
               ^^^^^^^^^^^^^^^^^^^^^^^^^^^^^^^^^^^^^^^^^^^^^^^^^^^^^^^^^^^
socket.gaierror: [Errno -5] No address associated with hostname

The above exception was the direct cause of the following exception:

Traceback (most recent call last):
  File "/home/airflow/.local/lib/python3.12/site-packages/urllib3/connectionpool.py", line 793, in urlopen
    response = self._make_request(
               ^^^^^^^^^^^^^^^^^^^
  File "/home/airflow/.local/lib/python3.12/site-packages/urllib3/connectionpool.py", line 491, in _make_request
    raise new_e
  File "/home/airflow/.local/lib/python3.12/site-packages/urllib3/connectionpool.py", line 467, in _make_request
    self._validate_conn(conn)
  File "/home/airflow/.local/lib/python3.12/site-packages/urllib3/connectionpool.py", line 1099, in _validate_conn
    conn.connect()
  File "/home/airflow/.local/lib/python3.12/site-packages/urllib3/connection.py", line 616, in connect
    self.sock = sock = self._new_conn()
                       ^^^^^^^^^^^^^^^^
  File "/home/airflow/.local/lib/python3.12/site-packages/urllib3/connection.py", line 205, in _new_conn
    raise NameResolutionError(self.host, self, e) from e
urllib3.exceptions.NameResolutionError: <urllib3.connection.HTTPSConnection object at 0xffff8159bf50>: Failed to resolve 'api.themoviedb.org' ([Errno -5] No address associated with hostname)

The above exception was the direct cause of the following exception:

Traceback (most recent call last):
  File "/home/airflow/.local/lib/python3.12/site-packages/requests/adapters.py", line 486, in send
    resp = conn.urlopen(
           ^^^^^^^^^^^^^
  File "/home/airflow/.local/lib/python3.12/site-packages/urllib3/connectionpool.py", line 877, in urlopen
    return self.urlopen(
           ^^^^^^^^^^^^^
  File "/home/airflow/.local/lib/python3.12/site-packages/urllib3/connectionpool.py", line 877, in urlopen
    return self.urlopen(
           ^^^^^^^^^^^^^
  File "/home/airflow/.local/lib/python3.12/site-packages/urllib3/connectionpool.py", line 877, in urlopen
    return self.urlopen(
           ^^^^^^^^^^^^^
  [Previous line repeated 2 more times]
  File "/home/airflow/.local/lib/python3.12/site-packages/urllib3/connectionpool.py", line 847, in urlopen
    retries = retries.increment(
              ^^^^^^^^^^^^^^^^^^
  File "/home/airflow/.local/lib/python3.12/site-packages/urllib3/util/retry.py", line 515, in increment
    raise MaxRetryError(_pool, url, reason) from reason  # type: ignore[arg-type]
    ^^^^^^^^^^^^^^^^^^^^^^^^^^^^^^^^^^^^^^^^^^^^^^^^^^^
urllib3.exceptions.MaxRetryError: HTTPSConnectionPool(host='api.themoviedb.org', port=443): Max retries exceeded with url: /3/discover/movie?api_key=***&release_date.gte=2026-03-19&release_date.lte=2026-03-19&page=1 (Caused by NameResolutionError("<urllib3.connection.HTTPSConnection object at 0xffff8159bf50>: Failed to resolve 'api.themoviedb.org' ([Errno -5] No address associated with hostname)"))

During handling of the above exception, another exception occurred:

Traceback (most recent call last):
  File "/home/airflow/.local/lib/python3.12/site-packages/airflow/models/taskinstance.py", line 465, in _execute_task
    result = _execute_callable(context=context, **execute_callable_kwargs)
             ^^^^^^^^^^^^^^^^^^^^^^^^^^^^^^^^^^^^^^^^^^^^^^^^^^^^^^^^^^^^^
  File "/home/airflow/.local/lib/python3.12/site-packages/airflow/models/taskinstance.py", line 432, in _execute_callable
    return execute_callable(context=context, **execute_callable_kwargs)
           ^^^^^^^^^^^^^^^^^^^^^^^^^^^^^^^^^^^^^^^^^^^^^^^^^^^^^^^^^^^^
  File "/home/airflow/.local/lib/python3.12/site-packages/airflow/models/baseoperator.py", line 400, in wrapper
    return func(self, *args, **kwargs)
           ^^^^^^^^^^^^^^^^^^^^^^^^^^^
  File "/home/airflow/.local/lib/python3.12/site-packages/airflow/operators/python.py", line 235, in execute
    return_value = self.execute_callable()
                   ^^^^^^^^^^^^^^^^^^^^^^^
  File "/home/airflow/.local/lib/python3.12/site-packages/airflow/operators/python.py", line 252, in execute_callable
    return self.python_callable(*self.op_args, **self.op_kwargs)
           ^^^^^^^^^^^^^^^^^^^^^^^^^^^^^^^^^^^^^^^^^^^^^^^^^^^^^
  File "/opt/airflow/dags/tmdb_daily_dag.py", line 101, in run_for_airflow
    result = run_tmdb_pipeline(
             ^^^^^^^^^^^^^^^^^^
  File "/opt/airflow/dags/tmdb_api.py", line 68, in run_tmdb_pipeline
    movies = fetch_movies_by_date(load_date=load_date, pages=pages)
             ^^^^^^^^^^^^^^^^^^^^^^^^^^^^^^^^^^^^^^^^^^^^^^^^^^^^^^
  File "/opt/airflow/dags/tmdb_api.py", line 43, in fetch_movies_by_date
    response = session.get(DISCOVER_URL, params=params, timeout=30)
               ^^^^^^^^^^^^^^^^^^^^^^^^^^^^^^^^^^^^^^^^^^^^^^^^^^^^
  File "/home/airflow/.local/lib/python3.12/site-packages/requests/sessions.py", line 602, in get
    return self.request("GET", url, **kwargs)
           ^^^^^^^^^^^^^^^^^^^^^^^^^^^^^^^^^^
  File "/home/airflow/.local/lib/python3.12/site-packages/requests/sessions.py", line 589, in request
    resp = self.send(prep, **send_kwargs)
           ^^^^^^^^^^^^^^^^^^^^^^^^^^^^^^
  File "/home/airflow/.local/lib/python3.12/site-packages/requests/sessions.py", line 703, in send
    r = adapter.send(request, **kwargs)
        ^^^^^^^^^^^^^^^^^^^^^^^^^^^^^^^
  File "/home/airflow/.local/lib/python3.12/site-packages/requests/adapters.py", line 519, in send
    raise ConnectionError(e, request=request)
requests.exceptions.ConnectionError: HTTPSConnectionPool(host='api.themoviedb.org', port=443): Max retries exceeded with url: /3/discover/movie?api_key=***&release_date.gte=2026-03-19&release_date.lte=2026-03-19&page=1 (Caused by NameResolutionError("<urllib3.connection.HTTPSConnection object at 0xffff8159bf50>: Failed to resolve 'api.themoviedb.org' ([Errno -5] No address associated with hostname)"))
[2026-03-30T00:02:56.711+0000] {taskinstance.py:1206} INFO - Marking task as UP_FOR_RETRY. dag_id=tmdb_raw_pipeline, task_id=load_raw, run_id=scheduled__2026-03-29T00:00:00+00:00, execution_date=20260329T000000, start_date=20260330T000202, end_date=20260330T000256
[2026-03-30T00:02:56.734+0000] {standard_task_runner.py:110} ERROR - Failed to execute job 85 for task load_raw (HTTPSConnectionPool(host='api.themoviedb.org', port=443): Max retries exceeded with url: /3/discover/movie?api_key=***&release_date.gte=2026-03-19&release_date.lte=2026-03-19&page=1 (Caused by NameResolutionError("<urllib3.connection.HTTPSConnection object at 0xffff8159bf50>: Failed to resolve 'api.themoviedb.org' ([Errno -5] No address associated with hostname)")); 71175)
[2026-03-30T00:02:56.745+0000] {local_task_job_runner.py:240} INFO - Task exited with return code 1
[2026-03-30T00:02:56.768+0000] {taskinstance.py:3498} INFO - 0 downstream tasks scheduled from follow-on schedule check
[2026-03-30T00:02:56.769+0000] {local_task_job_runner.py:222} INFO - ::endgroup::
