[2026-04-01T08:00:00.957+0000] {local_task_job_runner.py:120} INFO - ::group::Pre task execution logs
[2026-04-01T08:00:01.028+0000] {taskinstance.py:2076} INFO - Dependencies all met for dep_context=non-requeueable deps ti=<TaskInstance: tmdb_raw_pipeline.wait_before_api scheduled__2026-03-31T08:00:00+00:00 [queued]>
[2026-04-01T08:00:01.034+0000] {taskinstance.py:2076} INFO - Dependencies all met for dep_context=requeueable deps ti=<TaskInstance: tmdb_raw_pipeline.wait_before_api scheduled__2026-03-31T08:00:00+00:00 [queued]>
[2026-04-01T08:00:01.034+0000] {taskinstance.py:2306} INFO - Starting attempt 1 of 6
[2026-04-01T08:00:01.041+0000] {taskinstance.py:2330} INFO - Executing <Task(TimeDeltaSensor): wait_before_api> on 2026-03-31 08:00:00+00:00
[2026-04-01T08:00:01.049+0000] {standard_task_runner.py:90} INFO - Running: ['airflow', 'tasks', 'run', 'tmdb_raw_pipeline', 'wait_before_api', 'scheduled__2026-03-31T08:00:00+00:00', '--job-id', '107', '--raw', '--subdir', 'DAGS_FOLDER/tmdb_daily_dag.py', '--cfg-path', '/tmp/tmp3u1y1shy']
[2026-04-01T08:00:01.053+0000] {logging_mixin.py:188} WARNING - /home/airflow/.local/lib/python3.12/site-packages/airflow/task/task_runner/standard_task_runner.py:61 DeprecationWarning: This process (pid=54278) is multi-threaded, use of fork() may lead to deadlocks in the child.
[2026-04-01T08:00:01.054+0000] {standard_task_runner.py:63} INFO - Started process 54279 to run task
[2026-04-01T08:00:01.054+0000] {standard_task_runner.py:91} INFO - Job 107: Subtask wait_before_api
[2026-04-01T08:00:01.080+0000] {task_command.py:426} INFO - Running <TaskInstance: tmdb_raw_pipeline.wait_before_api scheduled__2026-03-31T08:00:00+00:00 [running]> on host 8742e1fd3736
[2026-04-01T08:00:01.138+0000] {taskinstance.py:2648} INFO - Exporting env vars: AIRFLOW_CTX_DAG_OWNER='airflow' AIRFLOW_CTX_DAG_ID='tmdb_raw_pipeline' AIRFLOW_CTX_TASK_ID='wait_before_api' AIRFLOW_CTX_EXECUTION_DATE='2026-03-31T08:00:00+00:00' AIRFLOW_CTX_TRY_NUMBER='1' AIRFLOW_CTX_DAG_RUN_ID='scheduled__2026-03-31T08:00:00+00:00'
[2026-04-01T08:00:01.138+0000] {taskinstance.py:430} INFO - ::endgroup::
[2026-04-01T08:00:01.157+0000] {time_delta.py:51} INFO - Checking if the time (2026-04-01 08:02:00+00:00) has come
[2026-04-01T08:01:01.166+0000] {time_delta.py:51} INFO - Checking if the time (2026-04-01 08:02:00+00:00) has come
[2026-04-01T08:02:01.183+0000] {time_delta.py:51} INFO - Checking if the time (2026-04-01 08:02:00+00:00) has come
[2026-04-01T08:02:01.189+0000] {base.py:294} INFO - Success criteria met. Exiting.
[2026-04-01T08:02:01.190+0000] {taskinstance.py:441} INFO - ::group::Post task execution logs
[2026-04-01T08:02:01.214+0000] {taskinstance.py:1206} INFO - Marking task as SUCCESS. dag_id=tmdb_raw_pipeline, task_id=wait_before_api, run_id=scheduled__2026-03-31T08:00:00+00:00, execution_date=20260331T080000, start_date=20260401T080001, end_date=20260401T080201
[2026-04-01T08:02:01.250+0000] {local_task_job_runner.py:240} INFO - Task exited with return code 0
[2026-04-01T08:02:01.281+0000] {taskinstance.py:3498} INFO - 1 downstream tasks scheduled from follow-on schedule check
[2026-04-01T08:02:01.282+0000] {local_task_job_runner.py:222} INFO - ::endgroup::
