[2026-03-22T17:59:28.819+0000] {local_task_job_runner.py:120} INFO - ::group::Pre task execution logs
[2026-03-22T17:59:28.837+0000] {taskinstance.py:2076} INFO - Dependencies all met for dep_context=non-requeueable deps ti=<TaskInstance: tmdb_stage_pipeline.load_stage_discover_movies manual__2026-03-22T17:59:27.085219+00:00 [queued]>
[2026-03-22T17:59:28.841+0000] {taskinstance.py:2076} INFO - Dependencies all met for dep_context=requeueable deps ti=<TaskInstance: tmdb_stage_pipeline.load_stage_discover_movies manual__2026-03-22T17:59:27.085219+00:00 [queued]>
[2026-03-22T17:59:28.841+0000] {taskinstance.py:2306} INFO - Starting attempt 1 of 1
[2026-03-22T17:59:28.848+0000] {taskinstance.py:2330} INFO - Executing <Task(SQLExecuteQueryOperator): load_stage_discover_movies> on 2026-03-22 17:59:27.085219+00:00
[2026-03-22T17:59:28.857+0000] {logging_mixin.py:188} WARNING - /home/airflow/.local/lib/python3.12/site-packages/airflow/task/task_runner/standard_task_runner.py:61 DeprecationWarning: This process (pid=5955) is multi-threaded, use of fork() may lead to deadlocks in the child.
[2026-03-22T17:59:28.855+0000] {standard_task_runner.py:90} INFO - Running: ['airflow', 'tasks', 'run', 'tmdb_stage_pipeline', 'load_stage_discover_movies', 'manual__2026-03-22T17:59:27.085219+00:00', '--job-id', '26', '--raw', '--subdir', 'DAGS_FOLDER/tmdb_pipeline_to_stage.py', '--cfg-path', '/tmp/tmplpnzu7ds']
[2026-03-22T17:59:28.858+0000] {standard_task_runner.py:63} INFO - Started process 5957 to run task
[2026-03-22T17:59:28.859+0000] {standard_task_runner.py:91} INFO - Job 26: Subtask load_stage_discover_movies
[2026-03-22T17:59:28.889+0000] {task_command.py:426} INFO - Running <TaskInstance: tmdb_stage_pipeline.load_stage_discover_movies manual__2026-03-22T17:59:27.085219+00:00 [running]> on host 8742e1fd3736
[2026-03-22T17:59:28.938+0000] {taskinstance.py:2648} INFO - Exporting env vars: AIRFLOW_CTX_DAG_OWNER='airflow' AIRFLOW_CTX_DAG_ID='tmdb_stage_pipeline' AIRFLOW_CTX_TASK_ID='load_stage_discover_movies' AIRFLOW_CTX_EXECUTION_DATE='2026-03-22T17:59:27.085219+00:00' AIRFLOW_CTX_TRY_NUMBER='1' AIRFLOW_CTX_DAG_RUN_ID='manual__2026-03-22T17:59:27.085219+00:00'
[2026-03-22T17:59:28.939+0000] {taskinstance.py:430} INFO - ::endgroup::
[2026-03-22T17:59:28.944+0000] {sql.py:276} INFO - Executing: 
        delete from stage.stg_tmdb_discover_movies
        where load_date = '2026-03-16'::date;

        insert into stage.stg_tmdb_discover_movies (
            stage_row_key,
            raw_id,
            load_date,
            movie_id,
            ingested_at,
            title,
            original_title,
            original_language,
            overview,
            release_date,
            popularity,
            vote_average,
            vote_count,
            is_adult,
            is_video,
            poster_path,
            backdrop_path,
            genre_ids_json,
            raw_payload
        )
        select
            md5(r.load_date::text || '-' || r.movie_id::text) as stage_row_key,
            r.id as raw_id,
            r.load_date,
            r.movie_id,
            r.ingested_at,
            r.payload ->> 'title' as title,
            r.payload ->> 'original_title' as original_title,
            r.payload ->> 'original_language' as original_language,
            r.payload ->> 'overview' as overview,
            nullif(r.payload ->> 'release_date', '')::date as release_date,
            nullif(r.payload ->> 'popularity', '')::numeric as popularity,
            nullif(r.payload ->> 'vote_average', '')::numeric as vote_average,
            nullif(r.payload ->> 'vote_count', '')::integer as vote_count,
            nullif(r.payload ->> 'adult', '')::boolean as is_adult,
            nullif(r.payload ->> 'video', '')::boolean as is_video,
            r.payload ->> 'poster_path' as poster_path,
            r.payload ->> 'backdrop_path' as backdrop_path,
            r.payload -> 'genre_ids' as genre_ids_json,
            r.payload as raw_payload
        from raw.tmdb_discover_movies r
        where r.load_date = '2026-03-16'::date;
        
[2026-03-22T17:59:28.949+0000] {base.py:84} INFO - Using connection ID 'postgres' for task execution.
[2026-03-22T17:59:28.953+0000] {base.py:84} INFO - Using connection ID 'postgres' for task execution.
[2026-03-22T17:59:28.956+0000] {sql.py:470} INFO - Running statement: 
        delete from stage.stg_tmdb_discover_movies
        where load_date = '2026-03-16'::date;

        insert into stage.stg_tmdb_discover_movies (
            stage_row_key,
            raw_id,
            load_date,
            movie_id,
            ingested_at,
            title,
            original_title,
            original_language,
            overview,
            release_date,
            popularity,
            vote_average,
            vote_count,
            is_adult,
            is_video,
            poster_path,
            backdrop_path,
            genre_ids_json,
            raw_payload
        )
        select
            md5(r.load_date::text || '-' || r.movie_id::text) as stage_row_key,
            r.id as raw_id,
            r.load_date,
            r.movie_id,
            r.ingested_at,
            r.payload ->> 'title' as title,
            r.payload ->> 'original_title' as original_title,
            r.payload ->> 'original_language' as original_language,
            r.payload ->> 'overview' as overview,
            nullif(r.payload ->> 'release_date', '')::date as release_date,
            nullif(r.payload ->> 'popularity', '')::numeric as popularity,
            nullif(r.payload ->> 'vote_average', '')::numeric as vote_average,
            nullif(r.payload ->> 'vote_count', '')::integer as vote_count,
            nullif(r.payload ->> 'adult', '')::boolean as is_adult,
            nullif(r.payload ->> 'video', '')::boolean as is_video,
            r.payload ->> 'poster_path' as poster_path,
            r.payload ->> 'backdrop_path' as backdrop_path,
            r.payload -> 'genre_ids' as genre_ids_json,
            r.payload as raw_payload
        from raw.tmdb_discover_movies r
        where r.load_date = '2026-03-16'::date;
        , parameters: None
[2026-03-22T17:59:28.956+0000] {taskinstance.py:441} INFO - ::group::Post task execution logs
[2026-03-22T17:59:28.957+0000] {taskinstance.py:2905} ERROR - Task failed with exception
Traceback (most recent call last):
  File "/home/airflow/.local/lib/python3.12/site-packages/airflow/models/taskinstance.py", line 465, in _execute_task
    result = _execute_callable(context=context, **execute_callable_kwargs)
             ^^^^^^^^^^^^^^^^^^^^^^^^^^^^^^^^^^^^^^^^^^^^^^^^^^^^^^^^^^^^^
  File "/home/airflow/.local/lib/python3.12/site-packages/airflow/models/taskinstance.py", line 432, in _execute_callable
    return execute_callable(context=context, **execute_callable_kwargs)
           ^^^^^^^^^^^^^^^^^^^^^^^^^^^^^^^^^^^^^^^^^^^^^^^^^^^^^^^^^^^^
  File "/home/airflow/.local/lib/python3.12/site-packages/airflow/models/baseoperator.py", line 400, in wrapper
    return func(self, *args, **kwargs)
           ^^^^^^^^^^^^^^^^^^^^^^^^^^^
  File "/home/airflow/.local/lib/python3.12/site-packages/airflow/providers/common/sql/operators/sql.py", line 282, in execute
    output = hook.run(
             ^^^^^^^^^
  File "/home/airflow/.local/lib/python3.12/site-packages/airflow/providers/common/sql/hooks/sql.py", line 418, in run
    self._run_command(cur, sql_statement, parameters)
  File "/home/airflow/.local/lib/python3.12/site-packages/airflow/providers/common/sql/hooks/sql.py", line 475, in _run_command
    cur.execute(sql_statement)
psycopg2.errors.UndefinedColumn: column "stage_row_key" of relation "stg_tmdb_discover_movies" does not exist
LINE 6:             stage_row_key,
                    ^

[2026-03-22T17:59:28.961+0000] {taskinstance.py:1206} INFO - Marking task as FAILED. dag_id=tmdb_stage_pipeline, task_id=load_stage_discover_movies, run_id=manual__2026-03-22T17:59:27.085219+00:00, execution_date=20260322T175927, start_date=20260322T175928, end_date=20260322T175928
[2026-03-22T17:59:28.965+0000] {standard_task_runner.py:110} ERROR - Failed to execute job 26 for task load_stage_discover_movies (column "stage_row_key" of relation "stg_tmdb_discover_movies" does not exist
LINE 6:             stage_row_key,
                    ^
; 5957)
[2026-03-22T17:59:28.998+0000] {local_task_job_runner.py:240} INFO - Task exited with return code 1
[2026-03-22T17:59:29.005+0000] {taskinstance.py:3498} INFO - 0 downstream tasks scheduled from follow-on schedule check
[2026-03-22T17:59:29.005+0000] {local_task_job_runner.py:222} INFO - ::endgroup::
