[0m17:04:39.943934 [debug] [MainThread]: Sending event: {'category': 'dbt', 'action': 'invocation', 'label': 'start', 'context': [<snowplow_tracker.self_describing_json.SelfDescribingJson object at 0x1091626d0>, <snowplow_tracker.self_describing_json.SelfDescribingJson object at 0x10a3d3b20>, <snowplow_tracker.self_describing_json.SelfDescribingJson object at 0x10a3d3d00>]}


============================== 17:04:39.946801 | 4cd21284-200d-40ee-95c7-f6fa88dfba51 ==============================
[0m17:04:39.946801 [info ] [MainThread]: Running with dbt=1.10.20
[0m17:04:39.947106 [debug] [MainThread]: running dbt with arguments {'write_json': 'True', 'log_cache_events': 'False', 'warn_error': 'None', 'fail_fast': 'False', 'printer_width': '80', 'use_experimental_parser': 'False', 'debug': 'False', 'no_print': 'None', 'log_format': 'default', 'partial_parse': 'True', 'static_parser': 'True', 'target_path': 'None', 'empty': 'None', 'version_check': 'True', 'cache_selected_only': 'False', 'invocation_command': 'dbt init tmdb_dbt', 'log_path': 'logs', 'introspect': 'True', 'profiles_dir': '/Users/mac/.dbt', 'indirect_selection': 'eager', 'quiet': 'False', 'warn_error_options': 'WarnErrorOptionsV2(error=[], warn=[], silence=[])', 'send_anonymous_usage_stats': 'True', 'use_colors': 'True'}
[0m17:04:39.956039 [info ] [MainThread]: Creating dbt configuration folder at /Users/mac/.dbt
[0m17:04:39.957195 [debug] [MainThread]: Starter project path: /Users/mac/Library/Python/3.9/lib/python/site-packages/dbt/include/starter_project
[0m17:04:39.961507 [info ] [MainThread]: 
Your new dbt project "tmdb_dbt" was created!

For more information on how to configure the profiles.yml file,
please consult the dbt documentation here:

  https://docs.getdbt.com/docs/configure-your-profile

One more thing:

Need help? Don't hesitate to reach out to us via GitHub issues or on Slack:

  https://community.getdbt.com/

Happy modeling!

[0m17:04:39.961755 [info ] [MainThread]: Setting up your profile.
[0m17:07:22.985620 [info ] [MainThread]: Profile tmdb_dbt written to /Users/mac/.dbt/profiles.yml using target's profile_template.yml and your supplied values. Run 'dbt debug' to validate the connection.
[0m17:07:22.997582 [debug] [MainThread]: Resource report: {"command_name": "init", "command_success": true, "command_wall_clock_time": 163.09427, "process_in_blocks": "0", "process_kernel_time": 0.139684, "process_mem_max_rss": "118571008", "process_out_blocks": "0", "process_user_time": 1.402683}
[0m17:07:23.000107 [debug] [MainThread]: Command `dbt init` succeeded at 17:07:22.998921 after 163.10 seconds
[0m17:07:23.007146 [debug] [MainThread]: Sending event: {'category': 'dbt', 'action': 'invocation', 'label': 'end', 'context': [<snowplow_tracker.self_describing_json.SelfDescribingJson object at 0x1091626d0>, <snowplow_tracker.self_describing_json.SelfDescribingJson object at 0x10a4748e0>, <snowplow_tracker.self_describing_json.SelfDescribingJson object at 0x10a37ebb0>]}
[0m17:07:23.009967 [debug] [MainThread]: Flushing usage events
[0m17:07:24.180417 [debug] [MainThread]: An error was encountered while trying to flush usage events
[0m17:07:37.365270 [debug] [MainThread]: Sending event: {'category': 'dbt', 'action': 'invocation', 'label': 'start', 'context': [<snowplow_tracker.self_describing_json.SelfDescribingJson object at 0x104a57f70>, <snowplow_tracker.self_describing_json.SelfDescribingJson object at 0x105acea60>, <snowplow_tracker.self_describing_json.SelfDescribingJson object at 0x105ace880>]}


============================== 17:07:37.367896 | 3f0b785a-5d98-4ed2-96af-e20a38f8a486 ==============================
[0m17:07:37.367896 [info ] [MainThread]: Running with dbt=1.10.20
[0m17:07:37.368199 [debug] [MainThread]: running dbt with arguments {'printer_width': '80', 'use_experimental_parser': 'False', 'invocation_command': 'dbt debug', 'no_print': 'None', 'empty': 'None', 'profiles_dir': '/Users/mac/.dbt', 'warn_error_options': 'WarnErrorOptionsV2(error=[], warn=[], silence=[])', 'quiet': 'False', 'debug': 'False', 'log_cache_events': 'False', 'log_path': 'logs', 'send_anonymous_usage_stats': 'True', 'fail_fast': 'False', 'indirect_selection': 'eager', 'target_path': 'None', 'version_check': 'True', 'log_format': 'default', 'introspect': 'True', 'partial_parse': 'True', 'warn_error': 'None', 'static_parser': 'True', 'write_json': 'True', 'cache_selected_only': 'False', 'use_colors': 'True'}
[0m17:07:37.377280 [info ] [MainThread]: dbt version: 1.10.20
[0m17:07:37.377496 [info ] [MainThread]: python version: 3.9.6
[0m17:07:37.377660 [info ] [MainThread]: python path: /Applications/Xcode.app/Contents/Developer/usr/bin/python3
[0m17:07:37.377814 [info ] [MainThread]: os info: macOS-15.5-arm64-arm-64bit
[0m17:07:37.420122 [info ] [MainThread]: Using profiles dir at /Users/mac/.dbt
[0m17:07:37.420375 [info ] [MainThread]: Using profiles.yml file at /Users/mac/.dbt/profiles.yml
[0m17:07:37.420535 [info ] [MainThread]: Using dbt_project.yml file at /Users/mac/Desktop/python_project/dbt/dbt_project.yml
[0m17:07:37.420931 [info ] [MainThread]: adapter type: postgres
[0m17:07:37.421091 [info ] [MainThread]: adapter version: 1.9.1
[0m17:07:37.421248 [info ] [MainThread]: Configuration:
[0m17:07:37.423174 [info ] [MainThread]:   profiles.yml file [[32mOK found and valid[0m]
[0m17:07:37.423337 [info ] [MainThread]:   dbt_project.yml file [[31mERROR not found[0m]
[0m17:07:37.423483 [info ] [MainThread]: Required dependencies:
[0m17:07:37.423660 [debug] [MainThread]: Executing "git --help"
[0m17:07:37.434621 [debug] [MainThread]: STDOUT: "b"usage: git [-v | --version] [-h | --help] [-C <path>] [-c <name>=<value>]\n           [--exec-path[=<path>]] [--html-path] [--man-path] [--info-path]\n           [-p | --paginate | -P | --no-pager] [--no-replace-objects] [--bare]\n           [--git-dir=<path>] [--work-tree=<path>] [--namespace=<name>]\n           [--super-prefix=<path>] [--config-env=<name>=<envvar>]\n           <command> [<args>]\n\nThese are common Git commands used in various situations:\n\nstart a working area (see also: git help tutorial)\n   clone     Clone a repository into a new directory\n   init      Create an empty Git repository or reinitialize an existing one\n\nwork on the current change (see also: git help everyday)\n   add       Add file contents to the index\n   mv        Move or rename a file, a directory, or a symlink\n   restore   Restore working tree files\n   rm        Remove files from the working tree and from the index\n\nexamine the history and state (see also: git help revisions)\n   bisect    Use binary search to find the commit that introduced a bug\n   diff      Show changes between commits, commit and working tree, etc\n   grep      Print lines matching a pattern\n   log       Show commit logs\n   show      Show various types of objects\n   status    Show the working tree status\n\ngrow, mark and tweak your common history\n   branch    List, create, or delete branches\n   commit    Record changes to the repository\n   merge     Join two or more development histories together\n   rebase    Reapply commits on top of another base tip\n   reset     Reset current HEAD to the specified state\n   switch    Switch branches\n   tag       Create, list, delete or verify a tag object signed with GPG\n\ncollaborate (see also: git help workflows)\n   fetch     Download objects and refs from another repository\n   pull      Fetch from and integrate with another repository or a local branch\n   push      Update remote refs along with associated objects\n\n'git help -a' and 'git help -g' list available subcommands and some\nconcept guides. See 'git help <command>' or 'git help <concept>'\nto read about a specific subcommand or concept.\nSee 'git help git' for an overview of the system.\n""
[0m17:07:37.435108 [debug] [MainThread]: STDERR: "b''"
[0m17:07:37.435321 [info ] [MainThread]:  - git [[32mOK found[0m]

[0m17:07:37.435545 [info ] [MainThread]: Connection:
[0m17:07:37.435797 [info ] [MainThread]:   host: localhost
[0m17:07:37.435949 [info ] [MainThread]:   port: 5432
[0m17:07:37.436089 [info ] [MainThread]:   user: evgenia
[0m17:07:37.436245 [info ] [MainThread]:   database: postgres
[0m17:07:37.436386 [info ] [MainThread]:   schema: stage
[0m17:07:37.436528 [info ] [MainThread]:   connect_timeout: 10
[0m17:07:37.436666 [info ] [MainThread]:   role: None
[0m17:07:37.436803 [info ] [MainThread]:   search_path: None
[0m17:07:37.436941 [info ] [MainThread]:   keepalives_idle: 0
[0m17:07:37.437077 [info ] [MainThread]:   sslmode: None
[0m17:07:37.437212 [info ] [MainThread]:   sslcert: None
[0m17:07:37.437347 [info ] [MainThread]:   sslkey: None
[0m17:07:37.437482 [info ] [MainThread]:   sslrootcert: None
[0m17:07:37.437618 [info ] [MainThread]:   application_name: dbt
[0m17:07:37.437752 [info ] [MainThread]:   retries: 1
[0m17:07:37.438125 [info ] [MainThread]: Registered adapter: postgres=1.9.1
[0m17:07:37.500852 [debug] [MainThread]: Acquiring new postgres connection 'debug'
[0m17:07:37.540781 [debug] [MainThread]: Using postgres connection "debug"
[0m17:07:37.540989 [debug] [MainThread]: On debug: select 1 as id
[0m17:07:37.541130 [debug] [MainThread]: Opening a new connection, currently in state init
[0m17:07:37.677933 [debug] [MainThread]: SQL status: SELECT 1 in 0.137 seconds
[0m17:07:37.678937 [debug] [MainThread]: On debug: Close
[0m17:07:37.679260 [info ] [MainThread]:   Connection test: [[32mOK connection ok[0m]

[0m17:07:37.679510 [info ] [MainThread]: [31m1 check failed:[0m
[0m17:07:37.679720 [info ] [MainThread]: Project loading failed for the following reason:
 project path </Users/mac/Desktop/python_project/dbt/dbt_project.yml> not found

[0m17:07:37.682181 [debug] [MainThread]: Resource report: {"command_name": "debug", "command_success": false, "command_wall_clock_time": 0.35621563, "process_in_blocks": "0", "process_kernel_time": 0.155161, "process_mem_max_rss": "135069696", "process_out_blocks": "0", "process_user_time": 1.438083}
[0m17:07:37.682497 [debug] [MainThread]: Command `dbt debug` failed at 17:07:37.682421 after 0.36 seconds
[0m17:07:37.682731 [debug] [MainThread]: Connection 'debug' was properly closed.
[0m17:07:37.682976 [debug] [MainThread]: Sending event: {'category': 'dbt', 'action': 'invocation', 'label': 'end', 'context': [<snowplow_tracker.self_describing_json.SelfDescribingJson object at 0x104a57f70>, <snowplow_tracker.self_describing_json.SelfDescribingJson object at 0x106059cd0>, <snowplow_tracker.self_describing_json.SelfDescribingJson object at 0x106059040>]}
[0m17:07:37.683273 [debug] [MainThread]: Flushing usage events
[0m17:07:38.691836 [debug] [MainThread]: An error was encountered while trying to flush usage events
[0m17:08:55.209133 [debug] [MainThread]: Sending event: {'category': 'dbt', 'action': 'invocation', 'label': 'start', 'context': [<snowplow_tracker.self_describing_json.SelfDescribingJson object at 0x121f65160>, <snowplow_tracker.self_describing_json.SelfDescribingJson object at 0x1231e1490>, <snowplow_tracker.self_describing_json.SelfDescribingJson object at 0x1231e12b0>]}


============================== 17:08:55.212244 | 7dd8ec3f-4754-4fea-b093-d8b5aa03ba09 ==============================
[0m17:08:55.212244 [info ] [MainThread]: Running with dbt=1.10.20
[0m17:08:55.212547 [debug] [MainThread]: running dbt with arguments {'log_format': 'default', 'warn_error': 'None', 'target_path': 'None', 'fail_fast': 'False', 'write_json': 'True', 'empty': 'None', 'log_path': 'logs', 'indirect_selection': 'eager', 'introspect': 'True', 'send_anonymous_usage_stats': 'True', 'partial_parse': 'True', 'use_colors': 'True', 'invocation_command': 'dbt init tmdb_dbt', 'printer_width': '80', 'log_cache_events': 'False', 'warn_error_options': 'WarnErrorOptionsV2(error=[], warn=[], silence=[])', 'quiet': 'False', 'cache_selected_only': 'False', 'no_print': 'None', 'debug': 'False', 'static_parser': 'True', 'version_check': 'True', 'profiles_dir': '/Users/mac/.dbt', 'use_experimental_parser': 'False'}
[0m17:08:55.221766 [info ] [MainThread]: A project called tmdb_dbt already exists here.
[0m17:08:55.223285 [debug] [MainThread]: Resource report: {"command_name": "init", "command_success": true, "command_wall_clock_time": 0.054067876, "process_in_blocks": "0", "process_kernel_time": 0.105444, "process_mem_max_rss": "118325248", "process_out_blocks": "0", "process_user_time": 1.396433}
[0m17:08:55.223523 [debug] [MainThread]: Command `dbt init` succeeded at 17:08:55.223474 after 0.05 seconds
[0m17:08:55.223700 [debug] [MainThread]: Sending event: {'category': 'dbt', 'action': 'invocation', 'label': 'end', 'context': [<snowplow_tracker.self_describing_json.SelfDescribingJson object at 0x121f65160>, <snowplow_tracker.self_describing_json.SelfDescribingJson object at 0x1231e1c40>, <snowplow_tracker.self_describing_json.SelfDescribingJson object at 0x1231e1c10>]}
[0m17:08:55.223881 [debug] [MainThread]: Flushing usage events
[0m17:08:56.390079 [debug] [MainThread]: An error was encountered while trying to flush usage events
