[2026-03-22T16:55:52.170+0000] {local_task_job_runner.py:120} INFO - ::group::Pre task execution logs
[2026-03-22T16:55:52.188+0000] {taskinstance.py:2076} INFO - Dependencies all met for dep_context=non-requeueable deps ti=<TaskInstance: tmdb_stage_pipeline.dbt_run_stage manual__2026-03-22T16:55:44.505743+00:00 [queued]>
[2026-03-22T16:55:52.191+0000] {taskinstance.py:2076} INFO - Dependencies all met for dep_context=requeueable deps ti=<TaskInstance: tmdb_stage_pipeline.dbt_run_stage manual__2026-03-22T16:55:44.505743+00:00 [queued]>
[2026-03-22T16:55:52.191+0000] {taskinstance.py:2306} INFO - Starting attempt 1 of 1
[2026-03-22T16:55:52.195+0000] {taskinstance.py:2330} INFO - Executing <Task(BashOperator): dbt_run_stage> on 2026-03-22 16:55:44.505743+00:00
[2026-03-22T16:55:52.200+0000] {logging_mixin.py:188} WARNING - /home/airflow/.local/lib/python3.12/site-packages/airflow/task/task_runner/standard_task_runner.py:61 DeprecationWarning: This process (pid=3418) is multi-threaded, use of fork() may lead to deadlocks in the child.
[2026-03-22T16:55:52.200+0000] {standard_task_runner.py:63} INFO - Started process 3419 to run task
[2026-03-22T16:55:52.198+0000] {standard_task_runner.py:90} INFO - Running: ['airflow', 'tasks', 'run', 'tmdb_stage_pipeline', 'dbt_run_stage', 'manual__2026-03-22T16:55:44.505743+00:00', '--job-id', '11', '--raw', '--subdir', 'DAGS_FOLDER/tmdb_pipeline_to_stage.py', '--cfg-path', '/tmp/tmp2bbe65c6']
[2026-03-22T16:55:52.203+0000] {standard_task_runner.py:91} INFO - Job 11: Subtask dbt_run_stage
[2026-03-22T16:55:52.228+0000] {task_command.py:426} INFO - Running <TaskInstance: tmdb_stage_pipeline.dbt_run_stage manual__2026-03-22T16:55:44.505743+00:00 [running]> on host 8742e1fd3736
[2026-03-22T16:55:52.262+0000] {taskinstance.py:2648} INFO - Exporting env vars: AIRFLOW_CTX_DAG_OWNER='airflow' AIRFLOW_CTX_DAG_ID='tmdb_stage_pipeline' AIRFLOW_CTX_TASK_ID='dbt_run_stage' AIRFLOW_CTX_EXECUTION_DATE='2026-03-22T16:55:44.505743+00:00' AIRFLOW_CTX_TRY_NUMBER='1' AIRFLOW_CTX_DAG_RUN_ID='manual__2026-03-22T16:55:44.505743+00:00'
[2026-03-22T16:55:52.262+0000] {taskinstance.py:430} INFO - ::endgroup::
[2026-03-22T16:55:52.269+0000] {subprocess.py:63} INFO - Tmp dir root location: /tmp
[2026-03-22T16:55:52.270+0000] {subprocess.py:75} INFO - Running command: ['/usr/bin/bash', '-c', '\n        cd /opt/airflow/dbt/tmdb_dbt &&\n        dbt run --select path:models/stage --vars \'{"load_date": "2026-03-15"}\'\n        ']
[2026-03-22T16:55:52.274+0000] {subprocess.py:86} INFO - Output:
[2026-03-22T16:55:52.280+0000] {subprocess.py:93} INFO - /usr/bin/bash: line 3: dbt: command not found
[2026-03-22T16:55:52.281+0000] {subprocess.py:97} INFO - Command exited with return code 127
[2026-03-22T16:55:52.281+0000] {taskinstance.py:441} INFO - ::group::Post task execution logs
[2026-03-22T16:55:52.286+0000] {taskinstance.py:2905} ERROR - Task failed with exception
Traceback (most recent call last):
  File "/home/airflow/.local/lib/python3.12/site-packages/airflow/models/taskinstance.py", line 465, in _execute_task
    result = _execute_callable(context=context, **execute_callable_kwargs)
             ^^^^^^^^^^^^^^^^^^^^^^^^^^^^^^^^^^^^^^^^^^^^^^^^^^^^^^^^^^^^^
  File "/home/airflow/.local/lib/python3.12/site-packages/airflow/models/taskinstance.py", line 432, in _execute_callable
    return execute_callable(context=context, **execute_callable_kwargs)
           ^^^^^^^^^^^^^^^^^^^^^^^^^^^^^^^^^^^^^^^^^^^^^^^^^^^^^^^^^^^^
  File "/home/airflow/.local/lib/python3.12/site-packages/airflow/models/baseoperator.py", line 400, in wrapper
    return func(self, *args, **kwargs)
           ^^^^^^^^^^^^^^^^^^^^^^^^^^^
  File "/home/airflow/.local/lib/python3.12/site-packages/airflow/operators/bash.py", line 243, in execute
    raise AirflowException(
airflow.exceptions.AirflowException: Bash command failed. The command returned a non-zero exit code 127.
[2026-03-22T16:55:52.289+0000] {taskinstance.py:1206} INFO - Marking task as FAILED. dag_id=tmdb_stage_pipeline, task_id=dbt_run_stage, run_id=manual__2026-03-22T16:55:44.505743+00:00, execution_date=20260322T165544, start_date=20260322T165552, end_date=20260322T165552
[2026-03-22T16:55:52.293+0000] {standard_task_runner.py:110} ERROR - Failed to execute job 11 for task dbt_run_stage (Bash command failed. The command returned a non-zero exit code 127.; 3419)
[2026-03-22T16:55:52.298+0000] {local_task_job_runner.py:240} INFO - Task exited with return code 1
[2026-03-22T16:55:52.308+0000] {taskinstance.py:3498} INFO - 0 downstream tasks scheduled from follow-on schedule check
[2026-03-22T16:55:52.309+0000] {local_task_job_runner.py:222} INFO - ::endgroup::
