[2026-03-22T17:59:28.834+0000] {local_task_job_runner.py:120} INFO - ::group::Pre task execution logs
[2026-03-22T17:59:28.855+0000] {taskinstance.py:2076} INFO - Dependencies all met for dep_context=non-requeueable deps ti=<TaskInstance: tmdb_stage_pipeline.load_stage_movie_details manual__2026-03-22T17:59:27.085219+00:00 [queued]>
[2026-03-22T17:59:28.862+0000] {taskinstance.py:2076} INFO - Dependencies all met for dep_context=requeueable deps ti=<TaskInstance: tmdb_stage_pipeline.load_stage_movie_details manual__2026-03-22T17:59:27.085219+00:00 [queued]>
[2026-03-22T17:59:28.862+0000] {taskinstance.py:2306} INFO - Starting attempt 1 of 1
[2026-03-22T17:59:28.868+0000] {taskinstance.py:2330} INFO - Executing <Task(SQLExecuteQueryOperator): load_stage_movie_details> on 2026-03-22 17:59:27.085219+00:00
[2026-03-22T17:59:28.877+0000] {logging_mixin.py:188} WARNING - /home/airflow/.local/lib/python3.12/site-packages/airflow/task/task_runner/standard_task_runner.py:61 DeprecationWarning: This process (pid=5956) is multi-threaded, use of fork() may lead to deadlocks in the child.
[2026-03-22T17:59:28.876+0000] {standard_task_runner.py:90} INFO - Running: ['airflow', 'tasks', 'run', 'tmdb_stage_pipeline', 'load_stage_movie_details', 'manual__2026-03-22T17:59:27.085219+00:00', '--job-id', '27', '--raw', '--subdir', 'DAGS_FOLDER/tmdb_pipeline_to_stage.py', '--cfg-path', '/tmp/tmpajjw2b3h']
[2026-03-22T17:59:28.878+0000] {standard_task_runner.py:63} INFO - Started process 5958 to run task
[2026-03-22T17:59:28.878+0000] {standard_task_runner.py:91} INFO - Job 27: Subtask load_stage_movie_details
[2026-03-22T17:59:28.906+0000] {task_command.py:426} INFO - Running <TaskInstance: tmdb_stage_pipeline.load_stage_movie_details manual__2026-03-22T17:59:27.085219+00:00 [running]> on host 8742e1fd3736
[2026-03-22T17:59:28.957+0000] {taskinstance.py:2648} INFO - Exporting env vars: AIRFLOW_CTX_DAG_OWNER='airflow' AIRFLOW_CTX_DAG_ID='tmdb_stage_pipeline' AIRFLOW_CTX_TASK_ID='load_stage_movie_details' AIRFLOW_CTX_EXECUTION_DATE='2026-03-22T17:59:27.085219+00:00' AIRFLOW_CTX_TRY_NUMBER='1' AIRFLOW_CTX_DAG_RUN_ID='manual__2026-03-22T17:59:27.085219+00:00'
[2026-03-22T17:59:28.957+0000] {taskinstance.py:430} INFO - ::endgroup::
[2026-03-22T17:59:28.963+0000] {sql.py:276} INFO - Executing: 
        delete from stage.stg_tmdb_movie_details_v2
        where load_date = '2026-03-16'::date;

        insert into stage.stg_tmdb_movie_details_v2 (
            stage_row_key,
            raw_id,
            load_date,
            movie_id,
            ingested_at,
            title,
            original_title,
            original_language,
            overview,
            tagline,
            movie_status,
            homepage,
            imdb_id,
            release_date,
            runtime_minutes,
            budget,
            revenue,
            popularity,
            vote_average,
            vote_count,
            is_adult,
            is_video,
            poster_path,
            backdrop_path,
            genres_json,
            production_companies_json,
            production_countries_json,
            spoken_languages_json,
            raw_payload
        )
        select
            md5(r.load_date::text || '-' || r.movie_id::text) as stage_row_key,
            r.id as raw_id,
            r.load_date,
            r.movie_id,
            r.ingested_at,
            r.payload ->> 'title' as title,
            r.payload ->> 'original_title' as original_title,
            r.payload ->> 'original_language' as original_language,
            r.payload ->> 'overview' as overview,
            r.payload ->> 'tagline' as tagline,
            r.payload ->> 'status' as movie_status,
            r.payload ->> 'homepage' as homepage,
            r.payload ->> 'imdb_id' as imdb_id,
            nullif(r.payload ->> 'release_date', '')::date as release_date,
            nullif(r.payload ->> 'runtime', '')::integer as runtime_minutes,
            nullif(r.payload ->> 'budget', '')::bigint as budget,
            nullif(r.payload ->> 'revenue', '')::bigint as revenue,
            nullif(r.payload ->> 'popularity', '')::numeric as popularity,
            nullif(r.payload ->> 'vote_average', '')::numeric as vote_average,
            nullif(r.payload ->> 'vote_count', '')::integer as vote_count,
            nullif(r.payload ->> 'adult', '')::boolean as is_adult,
            nullif(r.payload ->> 'video', '')::boolean as is_video,
            r.payload ->> 'poster_path' as poster_path,
            r.payload ->> 'backdrop_path' as backdrop_path,
            r.payload -> 'genres' as genres_json,
            r.payload -> 'production_companies' as production_companies_json,
            r.payload -> 'production_countries' as production_countries_json,
            r.payload -> 'spoken_languages' as spoken_languages_json,
            r.payload as raw_payload
        from raw.tmdb_movie_details r
        where r.load_date = '2026-03-16'::date;
        
[2026-03-22T17:59:28.967+0000] {base.py:84} INFO - Using connection ID 'postgres' for task execution.
[2026-03-22T17:59:28.971+0000] {base.py:84} INFO - Using connection ID 'postgres' for task execution.
[2026-03-22T17:59:28.973+0000] {sql.py:470} INFO - Running statement: 
        delete from stage.stg_tmdb_movie_details_v2
        where load_date = '2026-03-16'::date;

        insert into stage.stg_tmdb_movie_details_v2 (
            stage_row_key,
            raw_id,
            load_date,
            movie_id,
            ingested_at,
            title,
            original_title,
            original_language,
            overview,
            tagline,
            movie_status,
            homepage,
            imdb_id,
            release_date,
            runtime_minutes,
            budget,
            revenue,
            popularity,
            vote_average,
            vote_count,
            is_adult,
            is_video,
            poster_path,
            backdrop_path,
            genres_json,
            production_companies_json,
            production_countries_json,
            spoken_languages_json,
            raw_payload
        )
        select
            md5(r.load_date::text || '-' || r.movie_id::text) as stage_row_key,
            r.id as raw_id,
            r.load_date,
            r.movie_id,
            r.ingested_at,
            r.payload ->> 'title' as title,
            r.payload ->> 'original_title' as original_title,
            r.payload ->> 'original_language' as original_language,
            r.payload ->> 'overview' as overview,
            r.payload ->> 'tagline' as tagline,
            r.payload ->> 'status' as movie_status,
            r.payload ->> 'homepage' as homepage,
            r.payload ->> 'imdb_id' as imdb_id,
            nullif(r.payload ->> 'release_date', '')::date as release_date,
            nullif(r.payload ->> 'runtime', '')::integer as runtime_minutes,
            nullif(r.payload ->> 'budget', '')::bigint as budget,
            nullif(r.payload ->> 'revenue', '')::bigint as revenue,
            nullif(r.payload ->> 'popularity', '')::numeric as popularity,
            nullif(r.payload ->> 'vote_average', '')::numeric as vote_average,
            nullif(r.payload ->> 'vote_count', '')::integer as vote_count,
            nullif(r.payload ->> 'adult', '')::boolean as is_adult,
            nullif(r.payload ->> 'video', '')::boolean as is_video,
            r.payload ->> 'poster_path' as poster_path,
            r.payload ->> 'backdrop_path' as backdrop_path,
            r.payload -> 'genres' as genres_json,
            r.payload -> 'production_companies' as production_companies_json,
            r.payload -> 'production_countries' as production_countries_json,
            r.payload -> 'spoken_languages' as spoken_languages_json,
            r.payload as raw_payload
        from raw.tmdb_movie_details r
        where r.load_date = '2026-03-16'::date;
        , parameters: None
[2026-03-22T17:59:28.973+0000] {taskinstance.py:441} INFO - ::group::Post task execution logs
[2026-03-22T17:59:28.973+0000] {taskinstance.py:2905} ERROR - Task failed with exception
Traceback (most recent call last):
  File "/home/airflow/.local/lib/python3.12/site-packages/airflow/models/taskinstance.py", line 465, in _execute_task
    result = _execute_callable(context=context, **execute_callable_kwargs)
             ^^^^^^^^^^^^^^^^^^^^^^^^^^^^^^^^^^^^^^^^^^^^^^^^^^^^^^^^^^^^^
  File "/home/airflow/.local/lib/python3.12/site-packages/airflow/models/taskinstance.py", line 432, in _execute_callable
    return execute_callable(context=context, **execute_callable_kwargs)
           ^^^^^^^^^^^^^^^^^^^^^^^^^^^^^^^^^^^^^^^^^^^^^^^^^^^^^^^^^^^^
  File "/home/airflow/.local/lib/python3.12/site-packages/airflow/models/baseoperator.py", line 400, in wrapper
    return func(self, *args, **kwargs)
           ^^^^^^^^^^^^^^^^^^^^^^^^^^^
  File "/home/airflow/.local/lib/python3.12/site-packages/airflow/providers/common/sql/operators/sql.py", line 282, in execute
    output = hook.run(
             ^^^^^^^^^
  File "/home/airflow/.local/lib/python3.12/site-packages/airflow/providers/common/sql/hooks/sql.py", line 418, in run
    self._run_command(cur, sql_statement, parameters)
  File "/home/airflow/.local/lib/python3.12/site-packages/airflow/providers/common/sql/hooks/sql.py", line 475, in _run_command
    cur.execute(sql_statement)
psycopg2.errors.UndefinedColumn: column "stage_row_key" of relation "stg_tmdb_movie_details_v2" does not exist
LINE 6:             stage_row_key,
                    ^

[2026-03-22T17:59:28.978+0000] {taskinstance.py:1206} INFO - Marking task as FAILED. dag_id=tmdb_stage_pipeline, task_id=load_stage_movie_details, run_id=manual__2026-03-22T17:59:27.085219+00:00, execution_date=20260322T175927, start_date=20260322T175928, end_date=20260322T175928
[2026-03-22T17:59:28.981+0000] {standard_task_runner.py:110} ERROR - Failed to execute job 27 for task load_stage_movie_details (column "stage_row_key" of relation "stg_tmdb_movie_details_v2" does not exist
LINE 6:             stage_row_key,
                    ^
; 5958)
[2026-03-22T17:59:29.018+0000] {local_task_job_runner.py:240} INFO - Task exited with return code 1
[2026-03-22T17:59:29.025+0000] {taskinstance.py:3498} INFO - 0 downstream tasks scheduled from follow-on schedule check
[2026-03-22T17:59:29.025+0000] {local_task_job_runner.py:222} INFO - ::endgroup::
