[2026-04-05T08:02:03.415+0000] {local_task_job_runner.py:120} INFO - ::group::Pre task execution logs
[2026-04-05T08:02:03.448+0000] {taskinstance.py:2076} INFO - Dependencies all met for dep_context=non-requeueable deps ti=<TaskInstance: tmdb_raw_pipeline.load_raw scheduled__2026-04-04T08:00:00+00:00 [queued]>
[2026-04-05T08:02:03.452+0000] {taskinstance.py:2076} INFO - Dependencies all met for dep_context=requeueable deps ti=<TaskInstance: tmdb_raw_pipeline.load_raw scheduled__2026-04-04T08:00:00+00:00 [queued]>
[2026-04-05T08:02:03.453+0000] {taskinstance.py:2306} INFO - Starting attempt 1 of 6
[2026-04-05T08:02:03.459+0000] {taskinstance.py:2330} INFO - Executing <Task(PythonOperator): load_raw> on 2026-04-04 08:00:00+00:00
[2026-04-05T08:02:03.465+0000] {standard_task_runner.py:90} INFO - Running: ['airflow', 'tasks', 'run', 'tmdb_raw_pipeline', 'load_raw', 'scheduled__2026-04-04T08:00:00+00:00', '--job-id', '141', '--raw', '--subdir', 'DAGS_FOLDER/tmdb_daily_dag.py', '--cfg-path', '/tmp/tmpxf3lymc6']
[2026-04-05T08:02:03.469+0000] {standard_task_runner.py:91} INFO - Job 141: Subtask load_raw
[2026-04-05T08:02:03.471+0000] {logging_mixin.py:188} WARNING - /home/airflow/.local/lib/python3.12/site-packages/airflow/task/task_runner/standard_task_runner.py:61 DeprecationWarning: This process (pid=52775) is multi-threaded, use of fork() may lead to deadlocks in the child.
[2026-04-05T08:02:03.472+0000] {standard_task_runner.py:63} INFO - Started process 52776 to run task
[2026-04-05T08:02:03.534+0000] {task_command.py:426} INFO - Running <TaskInstance: tmdb_raw_pipeline.load_raw scheduled__2026-04-04T08:00:00+00:00 [running]> on host 8742e1fd3736
[2026-04-05T08:02:03.661+0000] {taskinstance.py:2648} INFO - Exporting env vars: AIRFLOW_CTX_DAG_OWNER='airflow' AIRFLOW_CTX_DAG_ID='tmdb_raw_pipeline' AIRFLOW_CTX_TASK_ID='load_raw' AIRFLOW_CTX_EXECUTION_DATE='2026-04-04T08:00:00+00:00' AIRFLOW_CTX_TRY_NUMBER='1' AIRFLOW_CTX_DAG_RUN_ID='scheduled__2026-04-04T08:00:00+00:00'
[2026-04-05T08:02:03.662+0000] {taskinstance.py:430} INFO - ::endgroup::
[2026-04-05T08:02:26.156+0000] {logging_mixin.py:188} INFO - Дата загрузки: 2026-03-25
[2026-04-05T08:02:26.161+0000] {logging_mixin.py:188} INFO - Сохранено фильмов из discover: 40
[2026-04-05T08:02:26.162+0000] {logging_mixin.py:188} INFO - Сохранено деталей фильмов: 40
[2026-04-05T08:02:26.164+0000] {logging_mixin.py:188} INFO - Дата загрузки: 2026-03-25
[2026-04-05T08:02:26.165+0000] {logging_mixin.py:188} INFO - Discover после dedup: 40
[2026-04-05T08:02:26.165+0000] {logging_mixin.py:188} INFO - Details после dedup: 40
[2026-04-05T08:02:26.211+0000] {base.py:84} INFO - Using connection ID 'postgres' for task execution.
[2026-04-05T08:02:26.323+0000] {crypto.py:82} WARNING - empty cryptography key - values will not be stored encrypted.
[2026-04-05T08:02:26.346+0000] {logging_mixin.py:188} INFO - Загружена дата: 2026-03-25
[2026-04-05T08:02:26.347+0000] {logging_mixin.py:188} INFO - Следующая дата загрузки: 2026-03-26
[2026-04-05T08:02:26.348+0000] {python.py:237} INFO - Done. Returned value was: None
[2026-04-05T08:02:26.349+0000] {taskinstance.py:441} INFO - ::group::Post task execution logs
[2026-04-05T08:02:26.362+0000] {taskinstance.py:1206} INFO - Marking task as SUCCESS. dag_id=tmdb_raw_pipeline, task_id=load_raw, run_id=scheduled__2026-04-04T08:00:00+00:00, execution_date=20260404T080000, start_date=20260405T080203, end_date=20260405T080226
[2026-04-05T08:02:26.413+0000] {local_task_job_runner.py:240} INFO - Task exited with return code 0
[2026-04-05T08:02:26.443+0000] {taskinstance.py:3498} INFO - 1 downstream tasks scheduled from follow-on schedule check
[2026-04-05T08:02:26.445+0000] {local_task_job_runner.py:222} INFO - ::endgroup::
