[2026-03-22T10:12:42.163+0000] {local_task_job_runner.py:120} INFO - ::group::Pre task execution logs
[2026-03-22T10:12:42.212+0000] {taskinstance.py:2076} INFO - Dependencies all met for dep_context=non-requeueable deps ti=<TaskInstance: tmdb_daily_movies_sequential.fetch_tmdb_data manual__2026-03-22T10:12:41.272116+00:00 [queued]>
[2026-03-22T10:12:42.218+0000] {taskinstance.py:2076} INFO - Dependencies all met for dep_context=requeueable deps ti=<TaskInstance: tmdb_daily_movies_sequential.fetch_tmdb_data manual__2026-03-22T10:12:41.272116+00:00 [queued]>
[2026-03-22T10:12:42.218+0000] {taskinstance.py:2306} INFO - Starting attempt 1 of 3
[2026-03-22T10:12:42.231+0000] {taskinstance.py:2330} INFO - Executing <Task(PythonOperator): fetch_tmdb_data> on 2026-03-22 10:12:41.272116+00:00
[2026-03-22T10:12:42.241+0000] {logging_mixin.py:188} WARNING - /home/airflow/.local/lib/python3.12/site-packages/airflow/task/task_runner/standard_task_runner.py:61 DeprecationWarning: This process (pid=2010) is multi-threaded, use of fork() may lead to deadlocks in the child.
[2026-03-22T10:12:42.242+0000] {standard_task_runner.py:63} INFO - Started process 2011 to run task
[2026-03-22T10:12:42.241+0000] {standard_task_runner.py:90} INFO - Running: ['airflow', 'tasks', 'run', 'tmdb_daily_movies_sequential', 'fetch_tmdb_data', 'manual__2026-03-22T10:12:41.272116+00:00', '--job-id', '2', '--raw', '--subdir', 'DAGS_FOLDER/tmdb_daily_dag.py', '--cfg-path', '/tmp/tmpvve87qrj']
[2026-03-22T10:12:42.244+0000] {standard_task_runner.py:91} INFO - Job 2: Subtask fetch_tmdb_data
[2026-03-22T10:12:42.312+0000] {task_command.py:426} INFO - Running <TaskInstance: tmdb_daily_movies_sequential.fetch_tmdb_data manual__2026-03-22T10:12:41.272116+00:00 [running]> on host cc3dd8a29f45
[2026-03-22T10:12:42.493+0000] {taskinstance.py:2648} INFO - Exporting env vars: AIRFLOW_CTX_DAG_OWNER='airflow' AIRFLOW_CTX_DAG_ID='tmdb_daily_movies_sequential' AIRFLOW_CTX_TASK_ID='fetch_tmdb_data' AIRFLOW_CTX_EXECUTION_DATE='2026-03-22T10:12:41.272116+00:00' AIRFLOW_CTX_TRY_NUMBER='1' AIRFLOW_CTX_DAG_RUN_ID='manual__2026-03-22T10:12:41.272116+00:00'
[2026-03-22T10:12:42.494+0000] {taskinstance.py:430} INFO - ::endgroup::
[2026-03-22T10:13:17.441+0000] {logging_mixin.py:188} INFO - Дата загрузки: 2026-03-15
[2026-03-22T10:13:17.445+0000] {logging_mixin.py:188} INFO - Сохранено фильмов из discover: 40
[2026-03-22T10:13:17.445+0000] {logging_mixin.py:188} INFO - Сохранено деталей фильмов: 40
[2026-03-22T10:13:17.464+0000] {base.py:84} INFO - Using connection ID 'postgres' for task execution.
[2026-03-22T10:13:17.472+0000] {taskinstance.py:441} INFO - ::group::Post task execution logs
[2026-03-22T10:13:17.473+0000] {taskinstance.py:2905} ERROR - Task failed with exception
Traceback (most recent call last):
  File "/home/airflow/.local/lib/python3.12/site-packages/airflow/models/taskinstance.py", line 465, in _execute_task
    result = _execute_callable(context=context, **execute_callable_kwargs)
             ^^^^^^^^^^^^^^^^^^^^^^^^^^^^^^^^^^^^^^^^^^^^^^^^^^^^^^^^^^^^^
  File "/home/airflow/.local/lib/python3.12/site-packages/airflow/models/taskinstance.py", line 432, in _execute_callable
    return execute_callable(context=context, **execute_callable_kwargs)
           ^^^^^^^^^^^^^^^^^^^^^^^^^^^^^^^^^^^^^^^^^^^^^^^^^^^^^^^^^^^^
  File "/home/airflow/.local/lib/python3.12/site-packages/airflow/models/baseoperator.py", line 400, in wrapper
    return func(self, *args, **kwargs)
           ^^^^^^^^^^^^^^^^^^^^^^^^^^^
  File "/home/airflow/.local/lib/python3.12/site-packages/airflow/operators/python.py", line 235, in execute
    return_value = self.execute_callable()
                   ^^^^^^^^^^^^^^^^^^^^^^^
  File "/home/airflow/.local/lib/python3.12/site-packages/airflow/operators/python.py", line 252, in execute_callable
    return self.python_callable(*self.op_args, **self.op_kwargs)
           ^^^^^^^^^^^^^^^^^^^^^^^^^^^^^^^^^^^^^^^^^^^^^^^^^^^^^
  File "/opt/airflow/dags/tmdb_daily_dag.py", line 72, in run_for_airflow
    insert_discover_movies(conn, load_date, movies)
  File "/opt/airflow/dags/tmdb_daily_dag.py", line 24, in insert_discover_movies
    execute_values(
  File "/home/airflow/.local/lib/python3.12/site-packages/psycopg2/extras.py", line 1299, in execute_values
    cur.execute(b''.join(parts))
psycopg2.errors.InvalidColumnReference: there is no unique or exclusion constraint matching the ON CONFLICT specification

[2026-03-22T10:13:17.482+0000] {taskinstance.py:1206} INFO - Marking task as UP_FOR_RETRY. dag_id=tmdb_daily_movies_sequential, task_id=fetch_tmdb_data, run_id=manual__2026-03-22T10:12:41.272116+00:00, execution_date=20260322T101241, start_date=20260322T101242, end_date=20260322T101317
[2026-03-22T10:13:17.491+0000] {standard_task_runner.py:110} ERROR - Failed to execute job 2 for task fetch_tmdb_data (there is no unique or exclusion constraint matching the ON CONFLICT specification
; 2011)
[2026-03-22T10:13:17.524+0000] {local_task_job_runner.py:240} INFO - Task exited with return code 1
[2026-03-22T10:13:17.537+0000] {taskinstance.py:3498} INFO - 0 downstream tasks scheduled from follow-on schedule check
[2026-03-22T10:13:17.538+0000] {local_task_job_runner.py:222} INFO - ::endgroup::
