[2026-04-06T08:33:45.961+0000] {local_task_job_runner.py:120} INFO - ::group::Pre task execution logs
[2026-04-06T08:33:45.996+0000] {taskinstance.py:2076} INFO - Dependencies all met for dep_context=non-requeueable deps ti=<TaskInstance: tmdb_raw_pipeline.load_raw scheduled__2026-04-05T08:00:00+00:00 [queued]>
[2026-04-06T08:33:46.006+0000] {taskinstance.py:2076} INFO - Dependencies all met for dep_context=requeueable deps ti=<TaskInstance: tmdb_raw_pipeline.load_raw scheduled__2026-04-05T08:00:00+00:00 [queued]>
[2026-04-06T08:33:46.006+0000] {taskinstance.py:2306} INFO - Starting attempt 2 of 6
[2026-04-06T08:33:46.013+0000] {taskinstance.py:2330} INFO - Executing <Task(PythonOperator): load_raw> on 2026-04-05 08:00:00+00:00
[2026-04-06T08:33:46.018+0000] {standard_task_runner.py:90} INFO - Running: ['airflow', 'tasks', 'run', 'tmdb_raw_pipeline', 'load_raw', 'scheduled__2026-04-05T08:00:00+00:00', '--job-id', '321', '--raw', '--subdir', 'DAGS_FOLDER/tmdb_daily_dag.py', '--cfg-path', '/tmp/tmpoh35ipzz']
[2026-04-06T08:33:46.020+0000] {standard_task_runner.py:91} INFO - Job 321: Subtask load_raw
[2026-04-06T08:33:46.022+0000] {logging_mixin.py:188} WARNING - /home/airflow/.local/lib/python3.12/site-packages/airflow/task/task_runner/standard_task_runner.py:61 DeprecationWarning: This process (pid=85668) is multi-threaded, use of fork() may lead to deadlocks in the child.
[2026-04-06T08:33:46.023+0000] {standard_task_runner.py:63} INFO - Started process 85695 to run task
[2026-04-06T08:33:46.130+0000] {task_command.py:426} INFO - Running <TaskInstance: tmdb_raw_pipeline.load_raw scheduled__2026-04-05T08:00:00+00:00 [running]> on host 8742e1fd3736
[2026-04-06T08:33:46.190+0000] {taskinstance.py:2648} INFO - Exporting env vars: AIRFLOW_CTX_DAG_OWNER='airflow' AIRFLOW_CTX_DAG_ID='tmdb_raw_pipeline' AIRFLOW_CTX_TASK_ID='load_raw' AIRFLOW_CTX_EXECUTION_DATE='2026-04-05T08:00:00+00:00' AIRFLOW_CTX_TRY_NUMBER='2' AIRFLOW_CTX_DAG_RUN_ID='scheduled__2026-04-05T08:00:00+00:00'
[2026-04-06T08:33:46.191+0000] {taskinstance.py:430} INFO - ::endgroup::
[2026-04-06T08:33:46.273+0000] {connectionpool.py:874} WARNING - Retrying (Retry(total=4, connect=4, read=5, redirect=None, status=None)) after connection broken by 'NewConnectionError('<urllib3.connection.HTTPSConnection object at 0xffff8156d2b0>: Failed to establish a new connection: [Errno 111] Connection refused')': /3/discover/movie?api_key=***&release_date.gte=2026-03-26&release_date.lte=2026-03-26&page=1
[2026-04-06T08:33:48.278+0000] {connectionpool.py:874} WARNING - Retrying (Retry(total=3, connect=3, read=5, redirect=None, status=None)) after connection broken by 'NewConnectionError('<urllib3.connection.HTTPSConnection object at 0xffff8159e870>: Failed to establish a new connection: [Errno 111] Connection refused')': /3/discover/movie?api_key=***&release_date.gte=2026-03-26&release_date.lte=2026-03-26&page=1
[2026-04-06T08:33:52.289+0000] {connectionpool.py:874} WARNING - Retrying (Retry(total=2, connect=2, read=5, redirect=None, status=None)) after connection broken by 'NewConnectionError('<urllib3.connection.HTTPSConnection object at 0xffff8159f6e0>: Failed to establish a new connection: [Errno 111] Connection refused')': /3/discover/movie?api_key=***&release_date.gte=2026-03-26&release_date.lte=2026-03-26&page=1
[2026-04-06T08:34:00.308+0000] {connectionpool.py:874} WARNING - Retrying (Retry(total=1, connect=1, read=5, redirect=None, status=None)) after connection broken by 'NewConnectionError('<urllib3.connection.HTTPSConnection object at 0xffff8159fd70>: Failed to establish a new connection: [Errno 111] Connection refused')': /3/discover/movie?api_key=***&release_date.gte=2026-03-26&release_date.lte=2026-03-26&page=1
[2026-04-06T08:34:16.339+0000] {connectionpool.py:874} WARNING - Retrying (Retry(total=0, connect=0, read=5, redirect=None, status=None)) after connection broken by 'NewConnectionError('<urllib3.connection.HTTPSConnection object at 0xffff815dc080>: Failed to establish a new connection: [Errno 111] Connection refused')': /3/discover/movie?api_key=***&release_date.gte=2026-03-26&release_date.lte=2026-03-26&page=1
[2026-04-06T08:34:31.071+0000] {logging_mixin.py:188} INFO - Дата загрузки: 2026-03-26
[2026-04-06T08:34:31.076+0000] {logging_mixin.py:188} INFO - Сохранено фильмов из discover: 40
[2026-04-06T08:34:31.077+0000] {logging_mixin.py:188} INFO - Сохранено деталей фильмов: 40
[2026-04-06T08:34:31.077+0000] {logging_mixin.py:188} INFO - Дата загрузки: 2026-03-26
[2026-04-06T08:34:31.078+0000] {logging_mixin.py:188} INFO - Discover после dedup: 40
[2026-04-06T08:34:31.078+0000] {logging_mixin.py:188} INFO - Details после dedup: 40
[2026-04-06T08:34:31.148+0000] {base.py:84} INFO - Using connection ID 'postgres' for task execution.
[2026-04-06T08:34:31.467+0000] {crypto.py:82} WARNING - empty cryptography key - values will not be stored encrypted.
[2026-04-06T08:34:31.506+0000] {logging_mixin.py:188} INFO - Загружена дата: 2026-03-26
[2026-04-06T08:34:31.506+0000] {logging_mixin.py:188} INFO - Следующая дата загрузки: 2026-03-27
[2026-04-06T08:34:31.507+0000] {python.py:237} INFO - Done. Returned value was: None
[2026-04-06T08:34:31.507+0000] {taskinstance.py:441} INFO - ::group::Post task execution logs
[2026-04-06T08:34:31.517+0000] {taskinstance.py:1206} INFO - Marking task as SUCCESS. dag_id=tmdb_raw_pipeline, task_id=load_raw, run_id=scheduled__2026-04-05T08:00:00+00:00, execution_date=20260405T080000, start_date=20260406T083345, end_date=20260406T083431
[2026-04-06T08:34:31.564+0000] {local_task_job_runner.py:240} INFO - Task exited with return code 0
[2026-04-06T08:34:31.604+0000] {taskinstance.py:3498} INFO - 1 downstream tasks scheduled from follow-on schedule check
[2026-04-06T08:34:31.605+0000] {local_task_job_runner.py:222} INFO - ::endgroup::
