[2026-03-22T17:46:52.534+0000] {local_task_job_runner.py:120} INFO - ::group::Pre task execution logs
[2026-03-22T17:46:52.551+0000] {taskinstance.py:2076} INFO - Dependencies all met for dep_context=non-requeueable deps ti=<TaskInstance: tmdb_stage_pipeline.dbt_run_stage manual__2026-03-22T17:46:52.322016+00:00 [queued]>
[2026-03-22T17:46:52.554+0000] {taskinstance.py:2076} INFO - Dependencies all met for dep_context=requeueable deps ti=<TaskInstance: tmdb_stage_pipeline.dbt_run_stage manual__2026-03-22T17:46:52.322016+00:00 [queued]>
[2026-03-22T17:46:52.554+0000] {taskinstance.py:2306} INFO - Starting attempt 1 of 1
[2026-03-22T17:46:52.559+0000] {taskinstance.py:2330} INFO - Executing <Task(BashOperator): dbt_run_stage> on 2026-03-22 17:46:52.322016+00:00
[2026-03-22T17:46:52.564+0000] {logging_mixin.py:188} WARNING - /home/airflow/.local/lib/python3.12/site-packages/airflow/task/task_runner/standard_task_runner.py:61 DeprecationWarning: This process (pid=5424) is multi-threaded, use of fork() may lead to deadlocks in the child.
[2026-03-22T17:46:52.564+0000] {standard_task_runner.py:90} INFO - Running: ['airflow', 'tasks', 'run', 'tmdb_stage_pipeline', 'dbt_run_stage', 'manual__2026-03-22T17:46:52.322016+00:00', '--job-id', '19', '--raw', '--subdir', 'DAGS_FOLDER/tmdb_pipeline_to_stage.py', '--cfg-path', '/tmp/tmp47cd2uqm']
[2026-03-22T17:46:52.565+0000] {standard_task_runner.py:91} INFO - Job 19: Subtask dbt_run_stage
[2026-03-22T17:46:52.565+0000] {standard_task_runner.py:63} INFO - Started process 5425 to run task
[2026-03-22T17:46:52.588+0000] {task_command.py:426} INFO - Running <TaskInstance: tmdb_stage_pipeline.dbt_run_stage manual__2026-03-22T17:46:52.322016+00:00 [running]> on host 8742e1fd3736
[2026-03-22T17:46:52.632+0000] {taskinstance.py:2648} INFO - Exporting env vars: AIRFLOW_CTX_DAG_OWNER='airflow' AIRFLOW_CTX_DAG_ID='tmdb_stage_pipeline' AIRFLOW_CTX_TASK_ID='dbt_run_stage' AIRFLOW_CTX_EXECUTION_DATE='2026-03-22T17:46:52.322016+00:00' AIRFLOW_CTX_TRY_NUMBER='1' AIRFLOW_CTX_DAG_RUN_ID='manual__2026-03-22T17:46:52.322016+00:00'
[2026-03-22T17:46:52.633+0000] {taskinstance.py:430} INFO - ::endgroup::
[2026-03-22T17:46:52.642+0000] {subprocess.py:63} INFO - Tmp dir root location: /tmp
[2026-03-22T17:46:52.642+0000] {subprocess.py:75} INFO - Running command: ['/usr/bin/bash', '-c', '\n        export PATH="/home/airflow/.local/bin:$PATH"\n        export PYTHONPATH="/home/airflow/.local/lib/python3.12/site-packages:$PYTHONPATH"\n        cd /opt/airflow/dbt/tmdb_dbt &&\n        /home/airflow/.local/bin/python -m dbt.cli.main run --select path:models/stage --vars \'{"load_date": "2026-03-15"}\'\n        ']
[2026-03-22T17:46:52.646+0000] {subprocess.py:86} INFO - Output:
[2026-03-22T17:46:52.678+0000] {subprocess.py:93} INFO - /home/airflow/.local/bin/python: Error while finding module specification for 'dbt.cli.main' (ModuleNotFoundError: No module named 'dbt')
[2026-03-22T17:46:52.681+0000] {subprocess.py:97} INFO - Command exited with return code 1
[2026-03-22T17:46:52.681+0000] {taskinstance.py:441} INFO - ::group::Post task execution logs
[2026-03-22T17:46:52.687+0000] {taskinstance.py:2905} ERROR - Task failed with exception
Traceback (most recent call last):
  File "/home/airflow/.local/lib/python3.12/site-packages/airflow/models/taskinstance.py", line 465, in _execute_task
    result = _execute_callable(context=context, **execute_callable_kwargs)
             ^^^^^^^^^^^^^^^^^^^^^^^^^^^^^^^^^^^^^^^^^^^^^^^^^^^^^^^^^^^^^
  File "/home/airflow/.local/lib/python3.12/site-packages/airflow/models/taskinstance.py", line 432, in _execute_callable
    return execute_callable(context=context, **execute_callable_kwargs)
           ^^^^^^^^^^^^^^^^^^^^^^^^^^^^^^^^^^^^^^^^^^^^^^^^^^^^^^^^^^^^
  File "/home/airflow/.local/lib/python3.12/site-packages/airflow/models/baseoperator.py", line 400, in wrapper
    return func(self, *args, **kwargs)
           ^^^^^^^^^^^^^^^^^^^^^^^^^^^
  File "/home/airflow/.local/lib/python3.12/site-packages/airflow/operators/bash.py", line 243, in execute
    raise AirflowException(
airflow.exceptions.AirflowException: Bash command failed. The command returned a non-zero exit code 1.
[2026-03-22T17:46:52.689+0000] {taskinstance.py:1206} INFO - Marking task as FAILED. dag_id=tmdb_stage_pipeline, task_id=dbt_run_stage, run_id=manual__2026-03-22T17:46:52.322016+00:00, execution_date=20260322T174652, start_date=20260322T174652, end_date=20260322T174652
[2026-03-22T17:46:52.695+0000] {standard_task_runner.py:110} ERROR - Failed to execute job 19 for task dbt_run_stage (Bash command failed. The command returned a non-zero exit code 1.; 5425)
[2026-03-22T17:46:52.707+0000] {local_task_job_runner.py:240} INFO - Task exited with return code 1
[2026-03-22T17:46:52.720+0000] {taskinstance.py:3498} INFO - 0 downstream tasks scheduled from follow-on schedule check
[2026-03-22T17:46:52.722+0000] {local_task_job_runner.py:222} INFO - ::endgroup::
